../Drivers/CMSIS/Include/core_cm4.h:1657:22:__NVIC_SetPriorityGrouping	24	static
../Drivers/STM32F3xx_HAL_Driver/Inc/stm32f3xx_ll_rcc.h:1028:22:LL_RCC_HSE_EnableBypass	4	static
../Drivers/STM32F3xx_HAL_Driver/Inc/stm32f3xx_ll_rcc.h:1048:22:LL_RCC_HSE_Enable	4	static
../Drivers/STM32F3xx_HAL_Driver/Inc/stm32f3xx_ll_rcc.h:1068:26:LL_RCC_HSE_IsReady	4	static
../Drivers/STM32F3xx_HAL_Driver/Inc/stm32f3xx_ll_rcc.h:1290:22:LL_RCC_SetSysClkSource	16	static
../Drivers/STM32F3xx_HAL_Driver/Inc/stm32f3xx_ll_rcc.h:1303:26:LL_RCC_GetSysClkSource	4	static
../Drivers/STM32F3xx_HAL_Driver/Inc/stm32f3xx_ll_rcc.h:1323:22:LL_RCC_SetAHBPrescaler	16	static
../Drivers/STM32F3xx_HAL_Driver/Inc/stm32f3xx_ll_rcc.h:1339:22:LL_RCC_SetAPB1Prescaler	16	static
../Drivers/STM32F3xx_HAL_Driver/Inc/stm32f3xx_ll_rcc.h:1355:22:LL_RCC_SetAPB2Prescaler	16	static
../Drivers/STM32F3xx_HAL_Driver/Inc/stm32f3xx_ll_rcc.h:2174:22:LL_RCC_PLL_Enable	4	static
../Drivers/STM32F3xx_HAL_Driver/Inc/stm32f3xx_ll_rcc.h:2195:26:LL_RCC_PLL_IsReady	4	static
../Drivers/STM32F3xx_HAL_Driver/Inc/stm32f3xx_ll_rcc.h:2293:22:LL_RCC_PLL_ConfigDomain_SYS	16	static
../Drivers/STM32F3xx_HAL_Driver/Inc/stm32f3xx_ll_bus.h:287:22:LL_AHB1_GRP1_EnableClock	24	static
../Drivers/STM32F3xx_HAL_Driver/Inc/stm32f3xx_ll_bus.h:537:22:LL_APB1_GRP1_EnableClock	24	static
../Drivers/STM32F3xx_HAL_Driver/Inc/stm32f3xx_ll_bus.h:851:22:LL_APB2_GRP1_EnableClock	24	static
../Drivers/STM32F3xx_HAL_Driver/Inc/stm32f3xx_ll_system.h:1105:22:LL_SYSCFG_SetEXTISource	24	static,ignoring_inline_asm
../Drivers/STM32F3xx_HAL_Driver/Inc/stm32f3xx_ll_system.h:1618:22:LL_FLASH_SetLatency	16	static
../Drivers/STM32F3xx_HAL_Driver/Inc/stm32f3xx_ll_system.h:1631:26:LL_FLASH_GetLatency	4	static
../Drivers/STM32F3xx_HAL_Driver/Inc/stm32f3xx_ll_usart.h:532:22:LL_USART_Enable	16	static
../Drivers/STM32F3xx_HAL_Driver/Inc/stm32f3xx_ll_usart.h:2255:22:LL_USART_ConfigAsyncMode	16	static
../Drivers/STM32F3xx_HAL_Driver/Inc/stm32f3xx_ll_usart.h:3190:22:LL_USART_DisableIT_CTS	40	static,ignoring_inline_asm
../Drivers/STM32F3xx_HAL_Driver/Inc/stm32f3xx_ll_gpio.h:273:22:LL_GPIO_SetPinMode	40	static,ignoring_inline_asm
../Drivers/STM32F3xx_HAL_Driver/Inc/stm32f3xx_ll_gpio.h:482:22:LL_GPIO_SetPinPull	40	static,ignoring_inline_asm
../Drivers/STM32F3xx_HAL_Driver/Inc/stm32f3xx_ll_gpio.h:908:22:LL_GPIO_ResetOutputPin	16	static
../Core/Src/main.c:64:5:main	8	static
../Core/Src/main.c:113:6:SystemClock_Config	8	static
../Core/Src/main.c:154:13:MX_USART2_UART_Init	64	static
../Core/Src/main.c:206:13:MX_GPIO_Init	48	static
../Core/Src/main.c:255:6:Error_Handler	4	static,ignoring_inline_asm
