Archive member included to satisfy reference by file (symbol)

c:/st/stm32cubeide_1.10.1/stm32cubeide/plugins/com.st.stm32cube.ide.mcu.externaltools.gnu-tools-for-stm32.10.3-2021.10.win32_1.0.0.202111181127/tools/bin/../lib/gcc/arm-none-eabi/10.3.1/../../../../arm-none-eabi/lib/thumb/v7e-m+fp/hard\libc_nano.a(lib_a-errno.o)
                              ./Core/Src/syscalls.o (__errno)
c:/st/stm32cubeide_1.10.1/stm32cubeide/plugins/com.st.stm32cube.ide.mcu.externaltools.gnu-tools-for-stm32.10.3-2021.10.win32_1.0.0.202111181127/tools/bin/../lib/gcc/arm-none-eabi/10.3.1/../../../../arm-none-eabi/lib/thumb/v7e-m+fp/hard\libc_nano.a(lib_a-exit.o)
                              c:/st/stm32cubeide_1.10.1/stm32cubeide/plugins/com.st.stm32cube.ide.mcu.externaltools.gnu-tools-for-stm32.10.3-2021.10.win32_1.0.0.202111181127/tools/bin/../lib/gcc/arm-none-eabi/10.3.1/../../../../arm-none-eabi/lib/thumb/v7e-m+fp/hard/crt0.o (exit)
c:/st/stm32cubeide_1.10.1/stm32cubeide/plugins/com.st.stm32cube.ide.mcu.externaltools.gnu-tools-for-stm32.10.3-2021.10.win32_1.0.0.202111181127/tools/bin/../lib/gcc/arm-none-eabi/10.3.1/../../../../arm-none-eabi/lib/thumb/v7e-m+fp/hard\libc_nano.a(lib_a-impure.o)
                              c:/st/stm32cubeide_1.10.1/stm32cubeide/plugins/com.st.stm32cube.ide.mcu.externaltools.gnu-tools-for-stm32.10.3-2021.10.win32_1.0.0.202111181127/tools/bin/../lib/gcc/arm-none-eabi/10.3.1/../../../../arm-none-eabi/lib/thumb/v7e-m+fp/hard\libc_nano.a(lib_a-exit.o) (_global_impure_ptr)
c:/st/stm32cubeide_1.10.1/stm32cubeide/plugins/com.st.stm32cube.ide.mcu.externaltools.gnu-tools-for-stm32.10.3-2021.10.win32_1.0.0.202111181127/tools/bin/../lib/gcc/arm-none-eabi/10.3.1/../../../../arm-none-eabi/lib/thumb/v7e-m+fp/hard\libc_nano.a(lib_a-init.o)
                              c:/st/stm32cubeide_1.10.1/stm32cubeide/plugins/com.st.stm32cube.ide.mcu.externaltools.gnu-tools-for-stm32.10.3-2021.10.win32_1.0.0.202111181127/tools/bin/../lib/gcc/arm-none-eabi/10.3.1/../../../../arm-none-eabi/lib/thumb/v7e-m+fp/hard/crt0.o (__libc_init_array)
c:/st/stm32cubeide_1.10.1/stm32cubeide/plugins/com.st.stm32cube.ide.mcu.externaltools.gnu-tools-for-stm32.10.3-2021.10.win32_1.0.0.202111181127/tools/bin/../lib/gcc/arm-none-eabi/10.3.1/../../../../arm-none-eabi/lib/thumb/v7e-m+fp/hard\libc_nano.a(lib_a-memset.o)
                              c:/st/stm32cubeide_1.10.1/stm32cubeide/plugins/com.st.stm32cube.ide.mcu.externaltools.gnu-tools-for-stm32.10.3-2021.10.win32_1.0.0.202111181127/tools/bin/../lib/gcc/arm-none-eabi/10.3.1/../../../../arm-none-eabi/lib/thumb/v7e-m+fp/hard/crt0.o (memset)

Discarded input sections

 .text          0x0000000000000000        0x0 c:/st/stm32cubeide_1.10.1/stm32cubeide/plugins/com.st.stm32cube.ide.mcu.externaltools.gnu-tools-for-stm32.10.3-2021.10.win32_1.0.0.202111181127/tools/bin/../lib/gcc/arm-none-eabi/10.3.1/thumb/v7e-m+fp/hard/crti.o
 .data          0x0000000000000000        0x0 c:/st/stm32cubeide_1.10.1/stm32cubeide/plugins/com.st.stm32cube.ide.mcu.externaltools.gnu-tools-for-stm32.10.3-2021.10.win32_1.0.0.202111181127/tools/bin/../lib/gcc/arm-none-eabi/10.3.1/thumb/v7e-m+fp/hard/crti.o
 .bss           0x0000000000000000        0x0 c:/st/stm32cubeide_1.10.1/stm32cubeide/plugins/com.st.stm32cube.ide.mcu.externaltools.gnu-tools-for-stm32.10.3-2021.10.win32_1.0.0.202111181127/tools/bin/../lib/gcc/arm-none-eabi/10.3.1/thumb/v7e-m+fp/hard/crti.o
 .data          0x0000000000000000        0x4 c:/st/stm32cubeide_1.10.1/stm32cubeide/plugins/com.st.stm32cube.ide.mcu.externaltools.gnu-tools-for-stm32.10.3-2021.10.win32_1.0.0.202111181127/tools/bin/../lib/gcc/arm-none-eabi/10.3.1/thumb/v7e-m+fp/hard/crtbegin.o
 .rodata        0x0000000000000000       0x24 c:/st/stm32cubeide_1.10.1/stm32cubeide/plugins/com.st.stm32cube.ide.mcu.externaltools.gnu-tools-for-stm32.10.3-2021.10.win32_1.0.0.202111181127/tools/bin/../lib/gcc/arm-none-eabi/10.3.1/thumb/v7e-m+fp/hard/crtbegin.o
 .text          0x0000000000000000       0x7c c:/st/stm32cubeide_1.10.1/stm32cubeide/plugins/com.st.stm32cube.ide.mcu.externaltools.gnu-tools-for-stm32.10.3-2021.10.win32_1.0.0.202111181127/tools/bin/../lib/gcc/arm-none-eabi/10.3.1/../../../../arm-none-eabi/lib/thumb/v7e-m+fp/hard/crt0.o
 .data          0x0000000000000000        0x0 c:/st/stm32cubeide_1.10.1/stm32cubeide/plugins/com.st.stm32cube.ide.mcu.externaltools.gnu-tools-for-stm32.10.3-2021.10.win32_1.0.0.202111181127/tools/bin/../lib/gcc/arm-none-eabi/10.3.1/../../../../arm-none-eabi/lib/thumb/v7e-m+fp/hard/crt0.o
 .bss           0x0000000000000000        0x0 c:/st/stm32cubeide_1.10.1/stm32cubeide/plugins/com.st.stm32cube.ide.mcu.externaltools.gnu-tools-for-stm32.10.3-2021.10.win32_1.0.0.202111181127/tools/bin/../lib/gcc/arm-none-eabi/10.3.1/../../../../arm-none-eabi/lib/thumb/v7e-m+fp/hard/crt0.o
[...]
Memory Configuration

Name             Origin             Length             Attributes
RAM              0x0000000020000000 0x0000000000004000 xrw
FLASH            0x0000000008000000 0x0000000000010000 xr
*default*        0x0000000000000000 0xffffffffffffffff

Linker script and memory map

LOAD c:/st/stm32cubeide_1.10.1/stm32cubeide/plugins/com.st.stm32cube.ide.mcu.externaltools.gnu-tools-for-stm32.10.3-2021.10.win32_1.0.0.202111181127/tools/bin/../lib/gcc/arm-none-eabi/10.3.1/thumb/v7e-m+fp/hard/crti.o
LOAD c:/st/stm32cubeide_1.10.1/stm32cubeide/plugins/com.st.stm32cube.ide.mcu.externaltools.gnu-tools-for-stm32.10.3-2021.10.win32_1.0.0.202111181127/tools/bin/../lib/gcc/arm-none-eabi/10.3.1/thumb/v7e-m+fp/hard/crtbegin.o
LOAD c:/st/stm32cubeide_1.10.1/stm32cubeide/plugins/com.st.stm32cube.ide.mcu.externaltools.gnu-tools-for-stm32.10.3-2021.10.win32_1.0.0.202111181127/tools/bin/../lib/gcc/arm-none-eabi/10.3.1/../../../../arm-none-eabi/lib/thumb/v7e-m+fp/hard/crt0.o
LOAD ./Core/Src/app.o
LOAD ./Core/Src/main.o
LOAD ./Core/Src/stm32f3xx_it.o
LOAD ./Core/Src/syscalls.o
LOAD ./Core/Src/sysmem.o
LOAD ./Core/Src/system_stm32f3xx.o
LOAD ./Core/Startup/startup_stm32f302r8tx.o
LOAD ./Drivers/STM32F3xx_HAL_Driver/Src/stm32f3xx_ll_dma.o
LOAD ./Drivers/STM32F3xx_HAL_Driver/Src/stm32f3xx_ll_exti.o
LOAD ./Drivers/STM32F3xx_HAL_Driver/Src/stm32f3xx_ll_gpio.o
LOAD ./Drivers/STM32F3xx_HAL_Driver/Src/stm32f3xx_ll_rcc.o
LOAD ./Drivers/STM32F3xx_HAL_Driver/Src/stm32f3xx_ll_usart.o
LOAD ./Drivers/STM32F3xx_HAL_Driver/Src/stm32f3xx_ll_utils.o
START GROUP
LOAD c:/st/stm32cubeide_1.10.1/stm32cubeide/plugins/com.st.stm32cube.ide.mcu.externaltools.gnu-tools-for-stm32.10.3-2021.10.win32_1.0.0.202111181127/tools/bin/../lib/gcc/arm-none-eabi/10.3.1/../../../../arm-none-eabi/lib/thumb/v7e-m+fp/hard\libc_nano.a
LOAD c:/st/stm32cubeide_1.10.1/stm32cubeide/plugins/com.st.stm32cube.ide.mcu.externaltools.gnu-tools-for-stm32.10.3-2021.10.win32_1.0.0.202111181127/tools/bin/../lib/gcc/arm-none-eabi/10.3.1/../../../../arm-none-eabi/lib/thumb/v7e-m+fp/hard\libm.a
END GROUP
START GROUP
LOAD c:/st/stm32cubeide_1.10.1/stm32cubeide/plugins/com.st.stm32cube.ide.mcu.externaltools.gnu-tools-for-stm32.10.3-2021.10.win32_1.0.0.202111181127/tools/bin/../lib/gcc/arm-none-eabi/10.3.1/thumb/v7e-m+fp/hard\libgcc.a
LOAD c:/st/stm32cubeide_1.10.1/stm32cubeide/plugins/com.st.stm32cube.ide.mcu.externaltools.gnu-tools-for-stm32.10.3-2021.10.win32_1.0.0.202111181127/tools/bin/../lib/gcc/arm-none-eabi/10.3.1/../../../../arm-none-eabi/lib/thumb/v7e-m+fp/hard\libc_nano.a
END GROUP
START GROUP
LOAD c:/st/stm32cubeide_1.10.1/stm32cubeide/plugins/com.st.stm32cube.ide.mcu.externaltools.gnu-tools-for-stm32.10.3-2021.10.win32_1.0.0.202111181127/tools/bin/../lib/gcc/arm-none-eabi/10.3.1/thumb/v7e-m+fp/hard\libgcc.a
LOAD c:/st/stm32cubeide_1.10.1/stm32cubeide/plugins/com.st.stm32cube.ide.mcu.externaltools.gnu-tools-for-stm32.10.3-2021.10.win32_1.0.0.202111181127/tools/bin/../lib/gcc/arm-none-eabi/10.3.1/../../../../arm-none-eabi/lib/thumb/v7e-m+fp/hard\libc_nano.a
LOAD c:/st/stm32cubeide_1.10.1/stm32cubeide/plugins/com.st.stm32cube.ide.mcu.externaltools.gnu-tools-for-stm32.10.3-2021.10.win32_1.0.0.202111181127/tools/bin/../lib/gcc/arm-none-eabi/10.3.1/../../../../arm-none-eabi/lib/thumb/v7e-m+fp/hard\libnosys.a
END GROUP
START GROUP
LOAD c:/st/stm32cubeide_1.10.1/stm32cubeide/plugins/com.st.stm32cube.ide.mcu.externaltools.gnu-tools-for-stm32.10.3-2021.10.win32_1.0.0.202111181127/tools/bin/../lib/gcc/arm-none-eabi/10.3.1/thumb/v7e-m+fp/hard\libgcc.a
LOAD c:/st/stm32cubeide_1.10.1/stm32cubeide/plugins/com.st.stm32cube.ide.mcu.externaltools.gnu-tools-for-stm32.10.3-2021.10.win32_1.0.0.202111181127/tools/bin/../lib/gcc/arm-none-eabi/10.3.1/../../../../arm-none-eabi/lib/thumb/v7e-m+fp/hard\libc_nano.a
LOAD c:/st/stm32cubeide_1.10.1/stm32cubeide/plugins/com.st.stm32cube.ide.mcu.externaltools.gnu-tools-for-stm32.10.3-2021.10.win32_1.0.0.202111181127/tools/bin/../lib/gcc/arm-none-eabi/10.3.1/../../../../arm-none-eabi/lib/thumb/v7e-m+fp/hard\libnosys.a
END GROUP
LOAD c:/st/stm32cubeide_1.10.1/stm32cubeide/plugins/com.st.stm32cube.ide.mcu.externaltools.gnu-tools-for-stm32.10.3-2021.10.win32_1.0.0.202111181127/tools/bin/../lib/gcc/arm-none-eabi/10.3.1/thumb/v7e-m+fp/hard/crtend.o
LOAD c:/st/stm32cubeide_1.10.1/stm32cubeide/plugins/com.st.stm32cube.ide.mcu.externaltools.gnu-tools-for-stm32.10.3-2021.10.win32_1.0.0.202111181127/tools/bin/../lib/gcc/arm-none-eabi/10.3.1/thumb/v7e-m+fp/hard/crtn.o
                0x0000000020004000                _estack = (ORIGIN (RAM) + LENGTH (RAM))
                0x0000000000000200                _Min_Heap_Size = 0x200
                0x0000000000000400                _Min_Stack_Size = 0x400

.isr_vector     0x0000000008000000      0x188
                0x0000000008000000                . = ALIGN (0x4)
 *(.isr_vector)
 .isr_vector    0x0000000008000000      0x188 ./Core/Startup/startup_stm32f302r8tx.o
                0x0000000008000000                g_pfnVectors
                0x0000000008000188                . = ALIGN (0x4)

.text           0x0000000008000188     0x14e8
                0x0000000008000188                . = ALIGN (0x4)
 *(.text)
 .text          0x0000000008000188       0x40 c:/st/stm32cubeide_1.10.1/stm32cubeide/plugins/com.st.stm32cube.ide.mcu.externaltools.gnu-tools-for-stm32.10.3-2021.10.win32_1.0.0.202111181127/tools/bin/../lib/gcc/arm-none-eabi/10.3.1/thumb/v7e-m+fp/hard/crtbegin.o
 *(.text*)
 .text.init     0x00000000080001c8        0xe ./Core/Src/app.o
                0x00000000080001c8                init
 .text.loop     0x00000000080001d6        0xe ./Core/Src/app.o
                0x00000000080001d6                loop
 .text.__NVIC_SetPriorityGrouping
                0x00000000080001e4       0x48 ./Core/Src/main.o
 .text.LL_RCC_HSE_EnableBypass
                0x000000000800022c       0x20 ./Core/Src/main.o
 .text.LL_RCC_HSE_Enable
                0x000000000800024c       0x20 ./Core/Src/main.o
 .text.LL_RCC_HSE_IsReady
                0x000000000800026c       0x28 ./Core/Src/main.o
 .text.LL_RCC_SetSysClkSource
                0x0000000008000294       0x28 ./Core/Src/main.o
 .text.LL_RCC_GetSysClkSource
                0x00000000080002bc       0x1c ./Core/Src/main.o
 .text.LL_RCC_SetAHBPrescaler
                0x00000000080002d8       0x28 ./Core/Src/main.o
 .text.LL_RCC_SetAPB1Prescaler
                0x0000000008000300       0x28 ./Core/Src/main.o
 .text.LL_RCC_SetAPB2Prescaler
                0x0000000008000328       0x28 ./Core/Src/main.o
 .text.LL_RCC_PLL_Enable
                0x0000000008000350       0x20 ./Core/Src/main.o
 .text.LL_RCC_PLL_IsReady
                0x0000000008000370       0x28 ./Core/Src/main.o
 .text.LL_RCC_PLL_ConfigDomain_SYS
                0x0000000008000398       0x48 ./Core/Src/main.o
 .text.LL_AHB1_GRP1_EnableClock
                0x00000000080003e0       0x30 ./Core/Src/main.o
 .text.LL_APB1_GRP1_EnableClock
                0x0000000008000410       0x30 ./Core/Src/main.o
 .text.LL_APB2_GRP1_EnableClock
                0x0000000008000440       0x30 ./Core/Src/main.o
 .text.LL_SYSCFG_SetEXTISource
                0x0000000008000470       0x5c ./Core/Src/main.o
 .text.LL_FLASH_SetLatency
                0x00000000080004cc       0x28 ./Core/Src/main.o
 .text.LL_FLASH_GetLatency
                0x00000000080004f4       0x1c ./Core/Src/main.o
 .text.LL_USART_Enable
                0x0000000008000510       0x20 ./Core/Src/main.o
 .text.LL_USART_ConfigAsyncMode
                0x0000000008000530       0x2c ./Core/Src/main.o
 .text.LL_USART_DisableIT_CTS
                0x000000000800055c       0x46 ./Core/Src/main.o
 .text.LL_GPIO_SetPinMode
                0x00000000080005a2       0x5e ./Core/Src/main.o
 .text.LL_GPIO_SetPinPull
                0x0000000008000600       0x5e ./Core/Src/main.o
 .text.LL_GPIO_ResetOutputPin
                0x000000000800065e       0x1c ./Core/Src/main.o
 .text.main     0x000000000800067a       0x2e ./Core/Src/main.o
                0x000000000800067a                main
 .text.SystemClock_Config
                0x00000000080006a8       0x80 ./Core/Src/main.o
                0x00000000080006a8                SystemClock_Config
 .text.MX_USART2_UART_Init
                0x0000000008000728       0xa8 ./Core/Src/main.o
 .text.MX_GPIO_Init
                0x00000000080007d0       0xc8 ./Core/Src/main.o
 .text.NMI_Handler
                0x0000000008000898        0x6 ./Core/Src/stm32f3xx_it.o
                0x0000000008000898                NMI_Handler
 .text.HardFault_Handler
                0x000000000800089e        0x6 ./Core/Src/stm32f3xx_it.o
                0x000000000800089e                HardFault_Handler
 .text.MemManage_Handler
                0x00000000080008a4        0x6 ./Core/Src/stm32f3xx_it.o
                0x00000000080008a4                MemManage_Handler
 .text.BusFault_Handler
                0x00000000080008aa        0x6 ./Core/Src/stm32f3xx_it.o
                0x00000000080008aa                BusFault_Handler
 .text.UsageFault_Handler
                0x00000000080008b0        0x6 ./Core/Src/stm32f3xx_it.o
                0x00000000080008b0                UsageFault_Handler
 .text.SVC_Handler
                0x00000000080008b6        0xe ./Core/Src/stm32f3xx_it.o
                0x00000000080008b6                SVC_Handler
 .text.DebugMon_Handler
                0x00000000080008c4        0xe ./Core/Src/stm32f3xx_it.o
                0x00000000080008c4                DebugMon_Handler
 .text.PendSV_Handler
                0x00000000080008d2        0xe ./Core/Src/stm32f3xx_it.o
                0x00000000080008d2                PendSV_Handler
 .text.SysTick_Handler
                0x00000000080008e0        0xe ./Core/Src/stm32f3xx_it.o
                0x00000000080008e0                SysTick_Handler
 *fill*         0x00000000080008ee        0x2 
 .text.SystemInit
                0x00000000080008f0       0x24 ./Core/Src/system_stm32f3xx.o
                0x00000000080008f0                SystemInit
 .text.Reset_Handler
                0x0000000008000914       0x50 ./Core/Startup/startup_stm32f302r8tx.o
                0x0000000008000914                Reset_Handler
 .text.Default_Handler
                0x0000000008000964        0x2 ./Core/Startup/startup_stm32f302r8tx.o
                0x0000000008000964                RTC_Alarm_IRQHandler
                0x0000000008000964                TIM1_CC_IRQHandler
                0x0000000008000964                USB_HP_IRQHandler
                0x0000000008000964                PVD_IRQHandler
                0x0000000008000964                TAMP_STAMP_IRQHandler
                0x0000000008000964                EXTI3_IRQHandler
                0x0000000008000964                I2C3_ER_IRQHandler
                0x0000000008000964                USB_HP_CAN_TX_IRQHandler
                0x0000000008000964                EXTI0_IRQHandler
                0x0000000008000964                I2C2_EV_IRQHandler
                0x0000000008000964                FPU_IRQHandler
                0x0000000008000964                TIM1_UP_TIM16_IRQHandler
                0x0000000008000964                CAN_SCE_IRQHandler
                0x0000000008000964                TIM6_DAC_IRQHandler
                0x0000000008000964                DMA1_Channel4_IRQHandler
                0x0000000008000964                ADC1_IRQHandler
                0x0000000008000964                USART3_IRQHandler
                0x0000000008000964                DMA1_Channel7_IRQHandler
                0x0000000008000964                CAN_RX1_IRQHandler
                0x0000000008000964                I2C1_EV_IRQHandler
                0x0000000008000964                DMA1_Channel6_IRQHandler
                0x0000000008000964                RCC_IRQHandler
                0x0000000008000964                DMA1_Channel1_IRQHandler
                0x0000000008000964                Default_Handler
                0x0000000008000964                USBWakeUp_RMP_IRQHandler
                0x0000000008000964                EXTI15_10_IRQHandler
                0x0000000008000964                COMP2_IRQHandler
                0x0000000008000964                I2C3_EV_IRQHandler
                0x0000000008000964                EXTI9_5_IRQHandler
                0x0000000008000964                RTC_WKUP_IRQHandler
                0x0000000008000964                SPI2_IRQHandler
                0x0000000008000964                USB_LP_CAN_RX0_IRQHandler
                0x0000000008000964                DMA1_Channel5_IRQHandler
                0x0000000008000964                USB_LP_IRQHandler
                0x0000000008000964                EXTI4_IRQHandler
                0x0000000008000964                TIM1_TRG_COM_TIM17_IRQHandler
                0x0000000008000964                DMA1_Channel3_IRQHandler
                0x0000000008000964                WWDG_IRQHandler
                0x0000000008000964                TIM2_IRQHandler
                0x0000000008000964                EXTI1_IRQHandler
                0x0000000008000964                COMP4_6_IRQHandler
                0x0000000008000964                USART2_IRQHandler
                0x0000000008000964                I2C2_ER_IRQHandler
                0x0000000008000964                DMA1_Channel2_IRQHandler
                0x0000000008000964                FLASH_IRQHandler
                0x0000000008000964                USART1_IRQHandler
                0x0000000008000964                SPI3_IRQHandler
                0x0000000008000964                I2C1_ER_IRQHandler
                0x0000000008000964                USBWakeUp_IRQHandler
                0x0000000008000964                EXTI2_TSC_IRQHandler
                0x0000000008000964                TIM1_BRK_TIM15_IRQHandler
 *fill*         0x0000000008000966        0x2 
 .text.LL_EXTI_EnableIT_0_31
                0x0000000008000968       0x24 ./Drivers/STM32F3xx_HAL_Driver/Src/stm32f3xx_ll_exti.o
 .text.LL_EXTI_EnableIT_32_63
                0x000000000800098c       0x24 ./Drivers/STM32F3xx_HAL_Driver/Src/stm32f3xx_ll_exti.o
 .text.LL_EXTI_DisableIT_0_31
                0x00000000080009b0       0x28 ./Drivers/STM32F3xx_HAL_Driver/Src/stm32f3xx_ll_exti.o
 .text.LL_EXTI_DisableIT_32_63
                0x00000000080009d8       0x28 ./Drivers/STM32F3xx_HAL_Driver/Src/stm32f3xx_ll_exti.o
 .text.LL_EXTI_EnableEvent_0_31
                0x0000000008000a00       0x24 ./Drivers/STM32F3xx_HAL_Driver/Src/stm32f3xx_ll_exti.o
 .text.LL_EXTI_EnableEvent_32_63
                0x0000000008000a24       0x24 ./Drivers/STM32F3xx_HAL_Driver/Src/stm32f3xx_ll_exti.o
 .text.LL_EXTI_DisableEvent_0_31
                0x0000000008000a48       0x28 ./Drivers/STM32F3xx_HAL_Driver/Src/stm32f3xx_ll_exti.o
 .text.LL_EXTI_DisableEvent_32_63
                0x0000000008000a70       0x28 ./Drivers/STM32F3xx_HAL_Driver/Src/stm32f3xx_ll_exti.o
 .text.LL_EXTI_EnableRisingTrig_0_31
                0x0000000008000a98       0x24 ./Drivers/STM32F3xx_HAL_Driver/Src/stm32f3xx_ll_exti.o
 .text.LL_EXTI_EnableRisingTrig_32_63
                0x0000000008000abc       0x24 ./Drivers/STM32F3xx_HAL_Driver/Src/stm32f3xx_ll_exti.o
 .text.LL_EXTI_DisableRisingTrig_0_31
                0x0000000008000ae0       0x28 ./Drivers/STM32F3xx_HAL_Driver/Src/stm32f3xx_ll_exti.o
 .text.LL_EXTI_DisableRisingTrig_32_63
                0x0000000008000b08       0x28 ./Drivers/STM32F3xx_HAL_Driver/Src/stm32f3xx_ll_exti.o
 .text.LL_EXTI_EnableFallingTrig_0_31
                0x0000000008000b30       0x24 ./Drivers/STM32F3xx_HAL_Driver/Src/stm32f3xx_ll_exti.o
 .text.LL_EXTI_EnableFallingTrig_32_63
                0x0000000008000b54       0x24 ./Drivers/STM32F3xx_HAL_Driver/Src/stm32f3xx_ll_exti.o
 .text.LL_EXTI_DisableFallingTrig_0_31
                0x0000000008000b78       0x28 ./Drivers/STM32F3xx_HAL_Driver/Src/stm32f3xx_ll_exti.o
 .text.LL_EXTI_DisableFallingTrig_32_63
                0x0000000008000ba0       0x28 ./Drivers/STM32F3xx_HAL_Driver/Src/stm32f3xx_ll_exti.o
 .text.LL_EXTI_Init
                0x0000000008000bc8      0x1e6 ./Drivers/STM32F3xx_HAL_Driver/Src/stm32f3xx_ll_exti.o
                0x0000000008000bc8                LL_EXTI_Init
 .text.LL_GPIO_SetPinMode
                0x0000000008000dae       0x5e ./Drivers/STM32F3xx_HAL_Driver/Src/stm32f3xx_ll_gpio.o
 .text.LL_GPIO_SetPinOutputType
                0x0000000008000e0c       0x30 ./Drivers/STM32F3xx_HAL_Driver/Src/stm32f3xx_ll_gpio.o
 .text.LL_GPIO_SetPinSpeed
                0x0000000008000e3c       0x5e ./Drivers/STM32F3xx_HAL_Driver/Src/stm32f3xx_ll_gpio.o
 .text.LL_GPIO_SetPinPull
                0x0000000008000e9a       0x5e ./Drivers/STM32F3xx_HAL_Driver/Src/stm32f3xx_ll_gpio.o
 .text.LL_GPIO_SetAFPin_0_7
                0x0000000008000ef8       0x5e ./Drivers/STM32F3xx_HAL_Driver/Src/stm32f3xx_ll_gpio.o
 .text.LL_GPIO_SetAFPin_8_15
                0x0000000008000f56       0x62 ./Drivers/STM32F3xx_HAL_Driver/Src/stm32f3xx_ll_gpio.o
 .text.LL_GPIO_Init
                0x0000000008000fb8       0xe0 ./Drivers/STM32F3xx_HAL_Driver/Src/stm32f3xx_ll_gpio.o
                0x0000000008000fb8                LL_GPIO_Init
 .text.LL_RCC_HSI_IsReady
                0x0000000008001098       0x24 ./Drivers/STM32F3xx_HAL_Driver/Src/stm32f3xx_ll_rcc.o
 .text.LL_RCC_LSE_IsReady
                0x00000000080010bc       0x24 ./Drivers/STM32F3xx_HAL_Driver/Src/stm32f3xx_ll_rcc.o
 .text.LL_RCC_GetSysClkSource
                0x00000000080010e0       0x1c ./Drivers/STM32F3xx_HAL_Driver/Src/stm32f3xx_ll_rcc.o
 .text.LL_RCC_GetAHBPrescaler
                0x00000000080010fc       0x1c ./Drivers/STM32F3xx_HAL_Driver/Src/stm32f3xx_ll_rcc.o
 .text.LL_RCC_GetAPB1Prescaler
                0x0000000008001118       0x1c ./Drivers/STM32F3xx_HAL_Driver/Src/stm32f3xx_ll_rcc.o
 .text.LL_RCC_GetAPB2Prescaler
                0x0000000008001134       0x1c ./Drivers/STM32F3xx_HAL_Driver/Src/stm32f3xx_ll_rcc.o
 .text.LL_RCC_GetUSARTClockSource
                0x0000000008001150       0x2c ./Drivers/STM32F3xx_HAL_Driver/Src/stm32f3xx_ll_rcc.o
 .text.LL_RCC_PLL_GetMainSource
                0x000000000800117c       0x1c ./Drivers/STM32F3xx_HAL_Driver/Src/stm32f3xx_ll_rcc.o
 .text.LL_RCC_PLL_GetMultiplicator
                0x0000000008001198       0x1c ./Drivers/STM32F3xx_HAL_Driver/Src/stm32f3xx_ll_rcc.o
 .text.LL_RCC_PLL_GetPrediv
                0x00000000080011b4       0x1c ./Drivers/STM32F3xx_HAL_Driver/Src/stm32f3xx_ll_rcc.o
 .text.LL_RCC_GetSystemClocksFreq
                0x00000000080011d0       0x4a ./Drivers/STM32F3xx_HAL_Driver/Src/stm32f3xx_ll_rcc.o
                0x00000000080011d0                LL_RCC_GetSystemClocksFreq
 *fill*         0x000000000800121a        0x2 
 .text.LL_RCC_GetUSARTClockFreq
                0x000000000800121c       0x88 ./Drivers/STM32F3xx_HAL_Driver/Src/stm32f3xx_ll_rcc.o
                0x000000000800121c                LL_RCC_GetUSARTClockFreq
 .text.RCC_GetSystemClockFreq
                0x00000000080012a4       0x4c ./Drivers/STM32F3xx_HAL_Driver/Src/stm32f3xx_ll_rcc.o
                0x00000000080012a4                RCC_GetSystemClockFreq
 .text.RCC_GetHCLKClockFreq
                0x00000000080012f0       0x2c ./Drivers/STM32F3xx_HAL_Driver/Src/stm32f3xx_ll_rcc.o
                0x00000000080012f0                RCC_GetHCLKClockFreq
 .text.RCC_GetPCLK1ClockFreq
                0x000000000800131c       0x28 ./Drivers/STM32F3xx_HAL_Driver/Src/stm32f3xx_ll_rcc.o
                0x000000000800131c                RCC_GetPCLK1ClockFreq
 .text.RCC_GetPCLK2ClockFreq
                0x0000000008001344       0x28 ./Drivers/STM32F3xx_HAL_Driver/Src/stm32f3xx_ll_rcc.o
                0x0000000008001344                RCC_GetPCLK2ClockFreq
 .text.RCC_PLL_GetFreqDomain_SYS
                0x000000000800136c       0x7c ./Drivers/STM32F3xx_HAL_Driver/Src/stm32f3xx_ll_rcc.o
                0x000000000800136c                RCC_PLL_GetFreqDomain_SYS
 .text.LL_USART_IsEnabled
                0x00000000080013e8       0x26 ./Drivers/STM32F3xx_HAL_Driver/Src/stm32f3xx_ll_usart.o
 .text.LL_USART_SetStopBitsLength
                0x000000000800140e       0x26 ./Drivers/STM32F3xx_HAL_Driver/Src/stm32f3xx_ll_usart.o
 .text.LL_USART_SetHWFlowCtrl
                0x0000000008001434       0x26 ./Drivers/STM32F3xx_HAL_Driver/Src/stm32f3xx_ll_usart.o
 .text.LL_USART_SetBaudRate
                0x000000000800145a       0x6e ./Drivers/STM32F3xx_HAL_Driver/Src/stm32f3xx_ll_usart.o
 .text.LL_USART_Init
                0x00000000080014c8       0xd8 ./Drivers/STM32F3xx_HAL_Driver/Src/stm32f3xx_ll_usart.o
                0x00000000080014c8                LL_USART_Init
 .text.LL_InitTick
                0x00000000080015a0       0x34 ./Drivers/STM32F3xx_HAL_Driver/Src/stm32f3xx_ll_utils.o
 .text.LL_Init1msTick
                0x00000000080015d4       0x1a ./Drivers/STM32F3xx_HAL_Driver/Src/stm32f3xx_ll_utils.o
                0x00000000080015d4                LL_Init1msTick
 *fill*         0x00000000080015ee        0x2 
 .text.LL_SetSystemCoreClock
                0x00000000080015f0       0x20 ./Drivers/STM32F3xx_HAL_Driver/Src/stm32f3xx_ll_utils.o
                0x00000000080015f0                LL_SetSystemCoreClock
 .text.__libc_init_array
                0x0000000008001610       0x48 c:/st/stm32cubeide_1.10.1/stm32cubeide/plugins/com.st.stm32cube.ide.mcu.externaltools.gnu-tools-for-stm32.10.3-2021.10.win32_1.0.0.202111181127/tools/bin/../lib/gcc/arm-none-eabi/10.3.1/../../../../arm-none-eabi/lib/thumb/v7e-m+fp/hard\libc_nano.a(lib_a-init.o)
                0x0000000008001610                __libc_init_array
 *(.glue_7)
 .glue_7        0x0000000008001658        0x0 linker stubs
 *(.glue_7t)
 .glue_7t       0x0000000008001658        0x0 linker stubs
 *(.eh_frame)
 .eh_frame      0x0000000008001658        0x0 c:/st/stm32cubeide_1.10.1/stm32cubeide/plugins/com.st.stm32cube.ide.mcu.externaltools.gnu-tools-for-stm32.10.3-2021.10.win32_1.0.0.202111181127/tools/bin/../lib/gcc/arm-none-eabi/10.3.1/thumb/v7e-m+fp/hard/crtbegin.o
 *(.init)
 .init          0x0000000008001658        0x4 c:/st/stm32cubeide_1.10.1/stm32cubeide/plugins/com.st.stm32cube.ide.mcu.externaltools.gnu-tools-for-stm32.10.3-2021.10.win32_1.0.0.202111181127/tools/bin/../lib/gcc/arm-none-eabi/10.3.1/thumb/v7e-m+fp/hard/crti.o
                0x0000000008001658                _init
 .init          0x000000000800165c        0x8 c:/st/stm32cubeide_1.10.1/stm32cubeide/plugins/com.st.stm32cube.ide.mcu.externaltools.gnu-tools-for-stm32.10.3-2021.10.win32_1.0.0.202111181127/tools/bin/../lib/gcc/arm-none-eabi/10.3.1/thumb/v7e-m+fp/hard/crtn.o
 *(.fini)
 .fini          0x0000000008001664        0x4 c:/st/stm32cubeide_1.10.1/stm32cubeide/plugins/com.st.stm32cube.ide.mcu.externaltools.gnu-tools-for-stm32.10.3-2021.10.win32_1.0.0.202111181127/tools/bin/../lib/gcc/arm-none-eabi/10.3.1/thumb/v7e-m+fp/hard/crti.o
                0x0000000008001664                _fini
 .fini          0x0000000008001668        0x8 c:/st/stm32cubeide_1.10.1/stm32cubeide/plugins/com.st.stm32cube.ide.mcu.externaltools.gnu-tools-for-stm32.10.3-2021.10.win32_1.0.0.202111181127/tools/bin/../lib/gcc/arm-none-eabi/10.3.1/thumb/v7e-m+fp/hard/crtn.o
                0x0000000008001670                . = ALIGN (0x4)
                0x0000000008001670                _etext = .

.vfp11_veneer   0x0000000008001670        0x0
 .vfp11_veneer  0x0000000008001670        0x0 linker stubs

.v4_bx          0x0000000008001670        0x0
 .v4_bx         0x0000000008001670        0x0 linker stubs

.iplt           0x0000000008001670        0x0
 .iplt          0x0000000008001670        0x0 c:/st/stm32cubeide_1.10.1/stm32cubeide/plugins/com.st.stm32cube.ide.mcu.externaltools.gnu-tools-for-stm32.10.3-2021.10.win32_1.0.0.202111181127/tools/bin/../lib/gcc/arm-none-eabi/10.3.1/thumb/v7e-m+fp/hard/crtbegin.o

.rodata         0x0000000008001670       0x18
                0x0000000008001670                . = ALIGN (0x4)
 *(.rodata)
 *(.rodata*)
 .rodata.AHBPrescTable
                0x0000000008001670       0x10 ./Core/Src/system_stm32f3xx.o
                0x0000000008001670                AHBPrescTable
 .rodata.APBPrescTable
                0x0000000008001680        0x8 ./Core/Src/system_stm32f3xx.o
                0x0000000008001680                APBPrescTable
                0x0000000008001688                . = ALIGN (0x4)

.rel.dyn        0x0000000008001688        0x0
 .rel.iplt      0x0000000008001688        0x0 c:/st/stm32cubeide_1.10.1/stm32cubeide/plugins/com.st.stm32cube.ide.mcu.externaltools.gnu-tools-for-stm32.10.3-2021.10.win32_1.0.0.202111181127/tools/bin/../lib/gcc/arm-none-eabi/10.3.1/thumb/v7e-m+fp/hard/crtbegin.o

.ARM.extab      0x0000000008001688        0x0
                0x0000000008001688                . = ALIGN (0x4)
 *(.ARM.extab* .gnu.linkonce.armextab.*)
                0x0000000008001688                . = ALIGN (0x4)

.ARM            0x0000000008001688        0x0
                0x0000000008001688                . = ALIGN (0x4)
                0x0000000008001688                __exidx_start = .
 *(.ARM.exidx*)
                0x0000000008001688                __exidx_end = .
                0x0000000008001688                . = ALIGN (0x4)

.preinit_array  0x0000000008001688        0x0
                0x0000000008001688                . = ALIGN (0x4)
                0x0000000008001688                PROVIDE (__preinit_array_start = .)
 *(.preinit_array*)
                0x0000000008001688                PROVIDE (__preinit_array_end = .)
                0x0000000008001688                . = ALIGN (0x4)

.init_array     0x0000000008001688        0x4
                0x0000000008001688                . = ALIGN (0x4)
                0x0000000008001688                PROVIDE (__init_array_start = .)
 *(SORT_BY_NAME(.init_array.*))
 *(.init_array*)
 .init_array    0x0000000008001688        0x4 c:/st/stm32cubeide_1.10.1/stm32cubeide/plugins/com.st.stm32cube.ide.mcu.externaltools.gnu-tools-for-stm32.10.3-2021.10.win32_1.0.0.202111181127/tools/bin/../lib/gcc/arm-none-eabi/10.3.1/thumb/v7e-m+fp/hard/crtbegin.o
                0x000000000800168c                PROVIDE (__init_array_end = .)
                0x000000000800168c                . = ALIGN (0x4)

.fini_array     0x000000000800168c        0x4
                0x000000000800168c                . = ALIGN (0x4)
                [!provide]                        PROVIDE (__fini_array_start = .)
 *(SORT_BY_NAME(.fini_array.*))
 *(.fini_array*)
 .fini_array    0x000000000800168c        0x4 c:/st/stm32cubeide_1.10.1/stm32cubeide/plugins/com.st.stm32cube.ide.mcu.externaltools.gnu-tools-for-stm32.10.3-2021.10.win32_1.0.0.202111181127/tools/bin/../lib/gcc/arm-none-eabi/10.3.1/thumb/v7e-m+fp/hard/crtbegin.o
                [!provide]                        PROVIDE (__fini_array_end = .)
                0x0000000008001690                . = ALIGN (0x4)
                0x0000000008001690                _sidata = LOADADDR (.data)

.data           0x0000000020000000        0x4 load address 0x0000000008001690
                0x0000000020000000                . = ALIGN (0x4)
                0x0000000020000000                _sdata = .
 *(.data)
 *(.data*)
 .data.SystemCoreClock
                0x0000000020000000        0x4 ./Core/Src/system_stm32f3xx.o
                0x0000000020000000                SystemCoreClock
 *(.RamFunc)
 *(.RamFunc*)
                0x0000000020000004                . = ALIGN (0x4)
                0x0000000020000004                _edata = .

.igot.plt       0x0000000020000004        0x0 load address 0x0000000008001694
 .igot.plt      0x0000000020000004        0x0 c:/st/stm32cubeide_1.10.1/stm32cubeide/plugins/com.st.stm32cube.ide.mcu.externaltools.gnu-tools-for-stm32.10.3-2021.10.win32_1.0.0.202111181127/tools/bin/../lib/gcc/arm-none-eabi/10.3.1/thumb/v7e-m+fp/hard/crtbegin.o
                0x0000000020000004                . = ALIGN (0x4)

.bss            0x0000000020000004       0x1c load address 0x0000000008001694
                0x0000000020000004                _sbss = .
                0x0000000020000004                __bss_start__ = _sbss
 *(.bss)
 .bss           0x0000000020000004       0x1c c:/st/stm32cubeide_1.10.1/stm32cubeide/plugins/com.st.stm32cube.ide.mcu.externaltools.gnu-tools-for-stm32.10.3-2021.10.win32_1.0.0.202111181127/tools/bin/../lib/gcc/arm-none-eabi/10.3.1/thumb/v7e-m+fp/hard/crtbegin.o
 *(.bss*)
 *(COMMON)
                0x0000000020000020                . = ALIGN (0x4)
                0x0000000020000020                _ebss = .
                0x0000000020000020                __bss_end__ = _ebss

._user_heap_stack
                0x0000000020000020      0x600 load address 0x0000000008001694
                0x0000000020000020                . = ALIGN (0x8)
                [!provide]                        PROVIDE (end = .)
                0x0000000020000020                PROVIDE (_end = .)
                0x0000000020000220                . = (. + _Min_Heap_Size)
 *fill*         0x0000000020000020      0x200 
                0x0000000020000620                . = (. + _Min_Stack_Size)
 *fill*         0x0000000020000220      0x400 
                0x0000000020000620                . = ALIGN (0x8)

/DISCARD/
 libc.a(*)
 libm.a(*)
 libgcc.a(*)

.ARM.attributes
                0x0000000000000000       0x30
 *(.ARM.attributes)
 .ARM.attributes
                0x0000000000000000       0x1e c:/st/stm32cubeide_1.10.1/stm32cubeide/plugins/com.st.stm32cube.ide.mcu.externaltools.gnu-tools-for-stm32.10.3-2021.10.win32_1.0.0.202111181127/tools/bin/../lib/gcc/arm-none-eabi/10.3.1/thumb/v7e-m+fp/hard/crti.o
 .ARM.attributes
                0x000000000000001e       0x34 c:/st/stm32cubeide_1.10.1/stm32cubeide/plugins/com.st.stm32cube.ide.mcu.externaltools.gnu-tools-for-stm32.10.3-2021.10.win32_1.0.0.202111181127/tools/bin/../lib/gcc/arm-none-eabi/10.3.1/thumb/v7e-m+fp/hard/crtbegin.o
 .ARM.attributes
                0x0000000000000052       0x34 ./Core/Src/app.o
 .ARM.attributes
                0x0000000000000086       0x34 ./Core/Src/main.o
 .ARM.attributes
                0x00000000000000ba       0x34 ./Core/Src/stm32f3xx_it.o
 .ARM.attributes
                0x00000000000000ee       0x34 ./Core/Src/system_stm32f3xx.o
 .ARM.attributes
                0x0000000000000122       0x21 ./Core/Startup/startup_stm32f302r8tx.o
 .ARM.attributes
                0x0000000000000143       0x34 ./Drivers/STM32F3xx_HAL_Driver/Src/stm32f3xx_ll_exti.o
 .ARM.attributes
                0x0000000000000177       0x34 ./Drivers/STM32F3xx_HAL_Driver/Src/stm32f3xx_ll_gpio.o
 .ARM.attributes
                0x00000000000001ab       0x34 ./Drivers/STM32F3xx_HAL_Driver/Src/stm32f3xx_ll_rcc.o
 .ARM.attributes
                0x00000000000001df       0x34 ./Drivers/STM32F3xx_HAL_Driver/Src/stm32f3xx_ll_usart.o
 .ARM.attributes
                0x0000000000000213       0x34 ./Drivers/STM32F3xx_HAL_Driver/Src/stm32f3xx_ll_utils.o
 .ARM.attributes
                0x0000000000000247       0x34 c:/st/stm32cubeide_1.10.1/stm32cubeide/plugins/com.st.stm32cube.ide.mcu.externaltools.gnu-tools-for-stm32.10.3-2021.10.win32_1.0.0.202111181127/tools/bin/../lib/gcc/arm-none-eabi/10.3.1/../../../../arm-none-eabi/lib/thumb/v7e-m+fp/hard\libc_nano.a(lib_a-init.o)
 .ARM.attributes
                0x000000000000027b       0x1e c:/st/stm32cubeide_1.10.1/stm32cubeide/plugins/com.st.stm32cube.ide.mcu.externaltools.gnu-tools-for-stm32.10.3-2021.10.win32_1.0.0.202111181127/tools/bin/../lib/gcc/arm-none-eabi/10.3.1/thumb/v7e-m+fp/hard/crtn.o
OUTPUT(laser_control.elf elf32-littlearm)
LOAD linker stubs
LOAD c:/st/stm32cubeide_1.10.1/stm32cubeide/plugins/com.st.stm32cube.ide.mcu.externaltools.gnu-tools-for-stm32.10.3-2021.10.win32_1.0.0.202111181127/tools/bin/../lib/gcc/arm-none-eabi/10.3.1/../../../../arm-none-eabi/lib/thumb/v7e-m+fp/hard\libc.a
LOAD c:/st/stm32cubeide_1.10.1/stm32cubeide/plugins/com.st.stm32cube.ide.mcu.externaltools.gnu-tools-for-stm32.10.3-2021.10.win32_1.0.0.202111181127/tools/bin/../lib/gcc/arm-none-eabi/10.3.1/../../../../arm-none-eabi/lib/thumb/v7e-m+fp/hard\libm.a
LOAD c:/st/stm32cubeide_1.10.1/stm32cubeide/plugins/com.st.stm32cube.ide.mcu.externaltools.gnu-tools-for-stm32.10.3-2021.10.win32_1.0.0.202111181127/tools/bin/../lib/gcc/arm-none-eabi/10.3.1/thumb/v7e-m+fp/hard\libgcc.a

.debug_info     0x0000000000000000     0x3856
 .debug_info    0x0000000000000000       0xd8 ./Core/Src/app.o
 .debug_info    0x00000000000000d8      0xe92 ./Core/Src/main.o
 .debug_info    0x0000000000000f6a      0x156 ./Core/Src/stm32f3xx_it.o
 .debug_info    0x00000000000010c0      0x40f ./Core/Src/system_stm32f3xx.o
 .debug_info    0x00000000000014cf       0x22 ./Core/Startup/startup_stm32f302r8tx.o
 .debug_info    0x00000000000014f1      0x51e ./Drivers/STM32F3xx_HAL_Driver/Src/stm32f3xx_ll_exti.o
 .debug_info    0x0000000000001a0f      0x751 ./Drivers/STM32F3xx_HAL_Driver/Src/stm32f3xx_ll_gpio.o
 .debug_info    0x0000000000002160      0x7e6 ./Drivers/STM32F3xx_HAL_Driver/Src/stm32f3xx_ll_rcc.o
 .debug_info    0x0000000000002946      0x6c6 ./Drivers/STM32F3xx_HAL_Driver/Src/stm32f3xx_ll_usart.o
 .debug_info    0x000000000000300c      0x84a ./Drivers/STM32F3xx_HAL_Driver/Src/stm32f3xx_ll_utils.o

.debug_abbrev   0x0000000000000000      0xf5d
 .debug_abbrev  0x0000000000000000       0x7e ./Core/Src/app.o
 .debug_abbrev  0x000000000000007e      0x2de ./Core/Src/main.o
 .debug_abbrev  0x000000000000035c       0x80 ./Core/Src/stm32f3xx_it.o
 .debug_abbrev  0x00000000000003dc      0x116 ./Core/Src/system_stm32f3xx.o
 .debug_abbrev  0x00000000000004f2       0x12 ./Core/Startup/startup_stm32f302r8tx.o
 .debug_abbrev  0x0000000000000504      0x183 ./Drivers/STM32F3xx_HAL_Driver/Src/stm32f3xx_ll_exti.o
 .debug_abbrev  0x0000000000000687      0x20e ./Drivers/STM32F3xx_HAL_Driver/Src/stm32f3xx_ll_gpio.o
 .debug_abbrev  0x0000000000000895      0x24e ./Drivers/STM32F3xx_HAL_Driver/Src/stm32f3xx_ll_rcc.o
 .debug_abbrev  0x0000000000000ae3      0x1cb ./Drivers/STM32F3xx_HAL_Driver/Src/stm32f3xx_ll_usart.o
 .debug_abbrev  0x0000000000000cae      0x2af ./Drivers/STM32F3xx_HAL_Driver/Src/stm32f3xx_ll_utils.o

.debug_aranges  0x0000000000000000      0x590
 .debug_aranges
                0x0000000000000000       0x28 ./Core/Src/app.o
 .debug_aranges
                0x0000000000000028      0x100 ./Core/Src/main.o
 .debug_aranges
                0x0000000000000128       0x60 ./Core/Src/stm32f3xx_it.o
 .debug_aranges
                0x0000000000000188       0x28 ./Core/Src/system_stm32f3xx.o
 .debug_aranges
                0x00000000000001b0       0x28 ./Core/Startup/startup_stm32f302r8tx.o
 .debug_aranges
                0x00000000000001d8       0xb0 ./Drivers/STM32F3xx_HAL_Driver/Src/stm32f3xx_ll_exti.o
 .debug_aranges
                0x0000000000000288       0x70 ./Drivers/STM32F3xx_HAL_Driver/Src/stm32f3xx_ll_gpio.o
 .debug_aranges
                0x00000000000002f8      0x120 ./Drivers/STM32F3xx_HAL_Driver/Src/stm32f3xx_ll_rcc.o
 .debug_aranges
                0x0000000000000418       0x88 ./Drivers/STM32F3xx_HAL_Driver/Src/stm32f3xx_ll_usart.o
 .debug_aranges
                0x00000000000004a0       0xf0 ./Drivers/STM32F3xx_HAL_Driver/Src/stm32f3xx_ll_utils.o

.debug_ranges   0x0000000000000000      0x4f8
 .debug_ranges  0x0000000000000000       0x18 ./Core/Src/app.o
 .debug_ranges  0x0000000000000018       0xf0 ./Core/Src/main.o
 .debug_ranges  0x0000000000000108       0x50 ./Core/Src/stm32f3xx_it.o
 .debug_ranges  0x0000000000000158       0x18 ./Core/Src/system_stm32f3xx.o
 .debug_ranges  0x0000000000000170       0x20 ./Core/Startup/startup_stm32f302r8tx.o
 .debug_ranges  0x0000000000000190       0xa0 ./Drivers/STM32F3xx_HAL_Driver/Src/stm32f3xx_ll_exti.o
 .debug_ranges  0x0000000000000230       0x60 ./Drivers/STM32F3xx_HAL_Driver/Src/stm32f3xx_ll_gpio.o
 .debug_ranges  0x0000000000000290      0x110 ./Drivers/STM32F3xx_HAL_Driver/Src/stm32f3xx_ll_rcc.o
 .debug_ranges  0x00000000000003a0       0x78 ./Drivers/STM32F3xx_HAL_Driver/Src/stm32f3xx_ll_usart.o
 .debug_ranges  0x0000000000000418       0xe0 ./Drivers/STM32F3xx_HAL_Driver/Src/stm32f3xx_ll_utils.o

.debug_macro    0x0000000000000000    0x15671
 .debug_macro   0x0000000000000000      0x136 ./Core/Src/app.o
 .debug_macro   0x0000000000000136      0xaae ./Core/Src/app.o
 .debug_macro   0x0000000000000be4       0x2e ./Core/Src/app.o
 .debug_macro   0x0000000000000c12       0x28 ./Core/Src/app.o
 .debug_macro   0x0000000000000c3a       0x22 ./Core/Src/app.o
 .debug_macro   0x0000000000000c5c       0x8e ./Core/Src/app.o
 .debug_macro   0x0000000000000cea       0x51 ./Core/Src/app.o
 .debug_macro   0x0000000000000d3b      0x103 ./Core/Src/app.o
 .debug_macro   0x0000000000000e3e       0x6a ./Core/Src/app.o
 .debug_macro   0x0000000000000ea8      0x1df ./Core/Src/app.o
 .debug_macro   0x0000000000001087       0x1c ./Core/Src/app.o
 .debug_macro   0x00000000000010a3       0x22 ./Core/Src/app.o
 .debug_macro   0x00000000000010c5       0xd9 ./Core/Src/app.o
 .debug_macro   0x000000000000119e      0xf07 ./Core/Src/app.o
 .debug_macro   0x00000000000020a5    0x110e8 ./Core/Src/app.o
 .debug_macro   0x000000000001318d       0x6d ./Core/Src/app.o
 .debug_macro   0x00000000000131fa      0x54f ./Core/Src/app.o
 .debug_macro   0x0000000000013749       0xe9 ./Core/Src/app.o
 .debug_macro   0x0000000000013832      0x1f5 ./Core/Src/app.o
 .debug_macro   0x0000000000013a27      0x111 ./Core/Src/app.o
 .debug_macro   0x0000000000013b38       0x28 ./Core/Src/app.o
 .debug_macro   0x0000000000013b60       0x30 ./Core/Src/app.o
 .debug_macro   0x0000000000013b90       0xae ./Core/Src/app.o
 .debug_macro   0x0000000000013c3e      0x287 ./Core/Src/app.o
 .debug_macro   0x0000000000013ec5      0x2f7 ./Core/Src/app.o
 .debug_macro   0x00000000000141bc      0x142 ./Core/Src/app.o
 .debug_macro   0x00000000000142fe       0x76 ./Core/Src/app.o
 .debug_macro   0x0000000000014374      0x136 ./Core/Src/main.o
 .debug_macro   0x00000000000144aa      0x136 ./Core/Src/stm32f3xx_it.o
 .debug_macro   0x00000000000145e0       0xbd ./Core/Src/system_stm32f3xx.o
 .debug_macro   0x000000000001469d       0xea ./Drivers/STM32F3xx_HAL_Driver/Src/stm32f3xx_ll_exti.o
 .debug_macro   0x0000000000014787      0x10b ./Drivers/STM32F3xx_HAL_Driver/Src/stm32f3xx_ll_exti.o
 .debug_macro   0x0000000000014892       0xff ./Drivers/STM32F3xx_HAL_Driver/Src/stm32f3xx_ll_gpio.o
 .debug_macro   0x0000000000014991      0x13c ./Drivers/STM32F3xx_HAL_Driver/Src/stm32f3xx_ll_gpio.o
 .debug_macro   0x0000000000014acd       0xf7 ./Drivers/STM32F3xx_HAL_Driver/Src/stm32f3xx_ll_rcc.o
 .debug_macro   0x0000000000014bc4      0x12c ./Drivers/STM32F3xx_HAL_Driver/Src/stm32f3xx_ll_usart.o
 .debug_macro   0x0000000000014cf0      0x2f1 ./Drivers/STM32F3xx_HAL_Driver/Src/stm32f3xx_ll_usart.o
 .debug_macro   0x0000000000014fe1      0x555 ./Drivers/STM32F3xx_HAL_Driver/Src/stm32f3xx_ll_usart.o
 .debug_macro   0x0000000000015536      0x13b ./Drivers/STM32F3xx_HAL_Driver/Src/stm32f3xx_ll_utils.o

.debug_line     0x0000000000000000     0x4307
 .debug_line    0x0000000000000000      0x579 ./Core/Src/app.o
 .debug_line    0x0000000000000579      0xa05 ./Core/Src/main.o
 .debug_line    0x0000000000000f7e      0x62c ./Core/Src/stm32f3xx_it.o
 .debug_line    0x00000000000015aa      0x4cd ./Core/Src/system_stm32f3xx.o
 .debug_line    0x0000000000001a77       0x88 ./Core/Startup/startup_stm32f302r8tx.o
 .debug_line    0x0000000000001aff      0x6f8 ./Drivers/STM32F3xx_HAL_Driver/Src/stm32f3xx_ll_exti.o
 .debug_line    0x00000000000021f7      0x72f ./Drivers/STM32F3xx_HAL_Driver/Src/stm32f3xx_ll_gpio.o
 .debug_line    0x0000000000002926      0xa07 ./Drivers/STM32F3xx_HAL_Driver/Src/stm32f3xx_ll_rcc.o
 .debug_line    0x000000000000332d      0x6d2 ./Drivers/STM32F3xx_HAL_Driver/Src/stm32f3xx_ll_usart.o
 .debug_line    0x00000000000039ff      0x908 ./Drivers/STM32F3xx_HAL_Driver/Src/stm32f3xx_ll_utils.o

.debug_str      0x0000000000000000    0x70ae7
 .debug_str     0x0000000000000000    0x6ddbc ./Core/Src/app.o
                                      0x6df1f (size before relaxing)
 .debug_str     0x000000000006ddbc      0x5ba ./Core/Src/main.o
                                      0x6e541 (size before relaxing)
 .debug_str     0x000000000006e376       0xbd ./Core/Src/stm32f3xx_it.o
                                      0x6dfb4 (size before relaxing)
 .debug_str     0x000000000006e433       0x7b ./Core/Src/system_stm32f3xx.o
                                      0x66895 (size before relaxing)
 .debug_str     0x000000000006e4ae       0x36 ./Core/Startup/startup_stm32f302r8tx.o
                                         0x86 (size before relaxing)
 .debug_str     0x000000000006e4e4      0x48c ./Drivers/STM32F3xx_HAL_Driver/Src/stm32f3xx_ll_exti.o
                                      0x671f7 (size before relaxing)
 .debug_str     0x000000000006e970      0x5f3 ./Drivers/STM32F3xx_HAL_Driver/Src/stm32f3xx_ll_gpio.o
                                      0x67bf4 (size before relaxing)
 .debug_str     0x000000000006ef63      0x6f3 ./Drivers/STM32F3xx_HAL_Driver/Src/stm32f3xx_ll_rcc.o
                                      0x69845 (size before relaxing)
 .debug_str     0x000000000006f656      0x863 ./Drivers/STM32F3xx_HAL_Driver/Src/stm32f3xx_ll_usart.o
                                      0x6b18f (size before relaxing)
 .debug_str     0x000000000006feb9      0xc2e ./Drivers/STM32F3xx_HAL_Driver/Src/stm32f3xx_ll_utils.o
                                      0x6b571 (size before relaxing)

.comment        0x0000000000000000       0x50
 .comment       0x0000000000000000       0x50 ./Core/Src/app.o
                                         0x51 (size before relaxing)
 .comment       0x0000000000000050       0x51 ./Core/Src/main.o
 .comment       0x0000000000000050       0x51 ./Core/Src/stm32f3xx_it.o
 .comment       0x0000000000000050       0x51 ./Core/Src/system_stm32f3xx.o
 .comment       0x0000000000000050       0x51 ./Drivers/STM32F3xx_HAL_Driver/Src/stm32f3xx_ll_exti.o
 .comment       0x0000000000000050       0x51 ./Drivers/STM32F3xx_HAL_Driver/Src/stm32f3xx_ll_gpio.o
 .comment       0x0000000000000050       0x51 ./Drivers/STM32F3xx_HAL_Driver/Src/stm32f3xx_ll_rcc.o
 .comment       0x0000000000000050       0x51 ./Drivers/STM32F3xx_HAL_Driver/Src/stm32f3xx_ll_usart.o
 .comment       0x0000000000000050       0x51 ./Drivers/STM32F3xx_HAL_Driver/Src/stm32f3xx_ll_utils.o

.debug_frame    0x0000000000000000     0x1578
 .debug_frame   0x0000000000000000       0x50 ./Core/Src/app.o
 .debug_frame   0x0000000000000050      0x430 ./Core/Src/main.o
 .debug_frame   0x0000000000000480      0x108 ./Core/Src/stm32f3xx_it.o
 .debug_frame   0x0000000000000588       0x58 ./Core/Src/system_stm32f3xx.o
 .debug_frame   0x00000000000005e0      0x2fc ./Drivers/STM32F3xx_HAL_Driver/Src/stm32f3xx_ll_exti.o
 .debug_frame   0x00000000000008dc      0x1c0 ./Drivers/STM32F3xx_HAL_Driver/Src/stm32f3xx_ll_gpio.o
 .debug_frame   0x0000000000000a9c      0x4a0 ./Drivers/STM32F3xx_HAL_Driver/Src/stm32f3xx_ll_rcc.o
 .debug_frame   0x0000000000000f3c      0x234 ./Drivers/STM32F3xx_HAL_Driver/Src/stm32f3xx_ll_usart.o
 .debug_frame   0x0000000000001170      0x3dc ./Drivers/STM32F3xx_HAL_Driver/Src/stm32f3xx_ll_utils.o
 .debug_frame   0x000000000000154c       0x2c c:/st/stm32cubeide_1.10.1/stm32cubeide/plugins/com.st.stm32cube.ide.mcu.externaltools.gnu-tools-for-stm32.10.3-2021.10.win32_1.0.0.202111181127/tools/bin/../lib/gcc/arm-none-eabi/10.3.1/../../../../arm-none-eabi/lib/thumb/v7e-m+fp/hard\libc_nano.a(lib_a-init.o)
