Archive member included to satisfy reference by file (symbol)

c:/st/stm32cubeide_1.5.0/stm32cubeide/plugins/com.st.stm32cube.ide.mcu.externaltools.gnu-tools-for-stm32.10.3-2021.10.win32_1.0.100.202210260954/tools/bin/../lib/gcc/arm-none-eabi/10.3.1/../../../../arm-none-eabi/lib/thumb/v7e-m+fp/hard\libc_nano.a(lib_a-errno.o)
                              ./Core/Src/syscalls.o (__errno)
c:/st/stm32cubeide_1.5.0/stm32cubeide/plugins/com.st.stm32cube.ide.mcu.externaltools.gnu-tools-for-stm32.10.3-2021.10.win32_1.0.100.202210260954/tools/bin/../lib/gcc/arm-none-eabi/10.3.1/../../../../arm-none-eabi/lib/thumb/v7e-m+fp/hard\libc_nano.a(lib_a-exit.o)
                              c:/st/stm32cubeide_1.5.0/stm32cubeide/plugins/com.st.stm32cube.ide.mcu.externaltools.gnu-tools-for-stm32.10.3-2021.10.win32_1.0.100.202210260954/tools/bin/../lib/gcc/arm-none-eabi/10.3.1/../../../../arm-none-eabi/lib/thumb/v7e-m+fp/hard/crt0.o (exit)
c:/st/stm32cubeide_1.5.0/stm32cubeide/plugins/com.st.stm32cube.ide.mcu.externaltools.gnu-tools-for-stm32.10.3-2021.10.win32_1.0.100.202210260954/tools/bin/../lib/gcc/arm-none-eabi/10.3.1/../../../../arm-none-eabi/lib/thumb/v7e-m+fp/hard\libc_nano.a(lib_a-impure.o)
                              c:/st/stm32cubeide_1.5.0/stm32cubeide/plugins/com.st.stm32cube.ide.mcu.externaltools.gnu-tools-for-stm32.10.3-2021.10.win32_1.0.100.202210260954/tools/bin/../lib/gcc/arm-none-eabi/10.3.1/../../../../arm-none-eabi/lib/thumb/v7e-m+fp/hard\libc_nano.a(lib_a-exit.o) (_global_impure_ptr)
c:/st/stm32cubeide_1.5.0/stm32cubeide/plugins/com.st.stm32cube.ide.mcu.externaltools.gnu-tools-for-stm32.10.3-2021.10.win32_1.0.100.202210260954/tools/bin/../lib/gcc/arm-none-eabi/10.3.1/../../../../arm-none-eabi/lib/thumb/v7e-m+fp/hard\libc_nano.a(lib_a-init.o)
                              c:/st/stm32cubeide_1.5.0/stm32cubeide/plugins/com.st.stm32cube.ide.mcu.externaltools.gnu-tools-for-stm32.10.3-2021.10.win32_1.0.100.202210260954/tools/bin/../lib/gcc/arm-none-eabi/10.3.1/../../../../arm-none-eabi/lib/thumb/v7e-m+fp/hard/crt0.o (__libc_init_array)
c:/st/stm32cubeide_1.5.0/stm32cubeide/plugins/com.st.stm32cube.ide.mcu.externaltools.gnu-tools-for-stm32.10.3-2021.10.win32_1.0.100.202210260954/tools/bin/../lib/gcc/arm-none-eabi/10.3.1/../../../../arm-none-eabi/lib/thumb/v7e-m+fp/hard\libc_nano.a(lib_a-memset.o)
                              c:/st/stm32cubeide_1.5.0/stm32cubeide/plugins/com.st.stm32cube.ide.mcu.externaltools.gnu-tools-for-stm32.10.3-2021.10.win32_1.0.100.202210260954/tools/bin/../lib/gcc/arm-none-eabi/10.3.1/../../../../arm-none-eabi/lib/thumb/v7e-m+fp/hard/crt0.o (memset)

Discarded input sections

 .text          0x0000000000000000        0x0 c:/st/stm32cubeide_1.5.0/stm32cubeide/plugins/com.st.stm32cube.ide.mcu.externaltools.gnu-tools-for-stm32.10.3-2021.10.win32_1.0.100.202210260954/tools/bin/../lib/gcc/arm-none-eabi/10.3.1/thumb/v7e-m+fp/hard/crti.o
 .data          0x0000000000000000        0x0 c:/st/stm32cubeide_1.5.0/stm32cubeide/plugins/com.st.stm32cube.ide.mcu.externaltools.gnu-tools-for-stm32.10.3-2021.10.win32_1.0.100.202210260954/tools/bin/../lib/gcc/arm-none-eabi/10.3.1/thumb/v7e-m+fp/hard/crti.o
 .bss           0x0000000000000000        0x0 c:/st/stm32cubeide_1.5.0/stm32cubeide/plugins/com.st.stm32cube.ide.mcu.externaltools.gnu-tools-for-stm32.10.3-2021.10.win32_1.0.100.202210260954/tools/bin/../lib/gcc/arm-none-eabi/10.3.1/thumb/v7e-m+fp/hard/crti.o
 .data          0x0000000000000000        0x4 c:/st/stm32cubeide_1.5.0/stm32cubeide/plugins/com.st.stm32cube.ide.mcu.externaltools.gnu-tools-for-stm32.10.3-2021.10.win32_1.0.100.202210260954/tools/bin/../lib/gcc/arm-none-eabi/10.3.1/thumb/v7e-m+fp/hard/crtbegin.o
 .rodata        0x0000000000000000       0x24 c:/st/stm32cubeide_1.5.0/stm32cubeide/plugins/com.st.stm32cube.ide.mcu.externaltools.gnu-tools-for-stm32.10.3-2021.10.win32_1.0.100.202210260954/tools/bin/../lib/gcc/arm-none-eabi/10.3.1/thumb/v7e-m+fp/hard/crtbegin.o
 .text          0x0000000000000000       0x7c c:/st/stm32cubeide_1.5.0/stm32cubeide/plugins/com.st.stm32cube.ide.mcu.externaltools.gnu-tools-for-stm32.10.3-2021.10.win32_1.0.100.202210260954/tools/bin/../lib/gcc/arm-none-eabi/10.3.1/../../../../arm-none-eabi/lib/thumb/v7e-m+fp/hard/crt0.o
 .data          0x0000000000000000        0x0 c:/st/stm32cubeide_1.5.0/stm32cubeide/plugins/com.st.stm32cube.ide.mcu.externaltools.gnu-tools-for-stm32.10.3-2021.10.win32_1.0.100.202210260954/tools/bin/../lib/gcc/arm-none-eabi/10.3.1/../../../../arm-none-eabi/lib/thumb/v7e-m+fp/hard/crt0.o
 .bss           0x0000000000000000        0x0 c:/st/stm32cubeide_1.5.0/stm32cubeide/plugins/com.st.stm32cube.ide.mcu.externaltools.gnu-tools-for-stm32.10.3-2021.10.win32_1.0.100.202210260954/tools/bin/../lib/gcc/arm-none-eabi/10.3.1/../../../../arm-none-eabi/lib/thumb/v7e-m+fp/hard/crt0.o
[...]
Memory Configuration

Name             Origin             Length             Attributes
RAM              0x0000000020000000 0x0000000000004000 xrw
FLASH            0x0000000008000000 0x0000000000010000 xr
*default*        0x0000000000000000 0xffffffffffffffff

Linker script and memory map

LOAD c:/st/stm32cubeide_1.5.0/stm32cubeide/plugins/com.st.stm32cube.ide.mcu.externaltools.gnu-tools-for-stm32.10.3-2021.10.win32_1.0.100.202210260954/tools/bin/../lib/gcc/arm-none-eabi/10.3.1/thumb/v7e-m+fp/hard/crti.o
LOAD c:/st/stm32cubeide_1.5.0/stm32cubeide/plugins/com.st.stm32cube.ide.mcu.externaltools.gnu-tools-for-stm32.10.3-2021.10.win32_1.0.100.202210260954/tools/bin/../lib/gcc/arm-none-eabi/10.3.1/thumb/v7e-m+fp/hard/crtbegin.o
LOAD c:/st/stm32cubeide_1.5.0/stm32cubeide/plugins/com.st.stm32cube.ide.mcu.externaltools.gnu-tools-for-stm32.10.3-2021.10.win32_1.0.100.202210260954/tools/bin/../lib/gcc/arm-none-eabi/10.3.1/../../../../arm-none-eabi/lib/thumb/v7e-m+fp/hard/crt0.o
LOAD ./Core/Src/laser.o
LOAD ./Core/Src/main.o
LOAD ./Core/Src/motors.o
LOAD ./Core/Src/stm32f3xx_it.o
LOAD ./Core/Src/syscalls.o
LOAD ./Core/Src/sysmem.o
LOAD ./Core/Src/system_stm32f3xx.o
LOAD ./Core/Startup/startup_stm32f302r8tx.o
LOAD ./Drivers/STM32F3xx_HAL_Driver/Src/stm32f3xx_ll_dma.o
LOAD ./Drivers/STM32F3xx_HAL_Driver/Src/stm32f3xx_ll_exti.o
LOAD ./Drivers/STM32F3xx_HAL_Driver/Src/stm32f3xx_ll_gpio.o
LOAD ./Drivers/STM32F3xx_HAL_Driver/Src/stm32f3xx_ll_rcc.o
LOAD ./Drivers/STM32F3xx_HAL_Driver/Src/stm32f3xx_ll_tim.o
LOAD ./Drivers/STM32F3xx_HAL_Driver/Src/stm32f3xx_ll_usart.o
LOAD ./Drivers/STM32F3xx_HAL_Driver/Src/stm32f3xx_ll_utils.o
START GROUP
LOAD c:/st/stm32cubeide_1.5.0/stm32cubeide/plugins/com.st.stm32cube.ide.mcu.externaltools.gnu-tools-for-stm32.10.3-2021.10.win32_1.0.100.202210260954/tools/bin/../lib/gcc/arm-none-eabi/10.3.1/../../../../arm-none-eabi/lib/thumb/v7e-m+fp/hard\libc_nano.a
LOAD c:/st/stm32cubeide_1.5.0/stm32cubeide/plugins/com.st.stm32cube.ide.mcu.externaltools.gnu-tools-for-stm32.10.3-2021.10.win32_1.0.100.202210260954/tools/bin/../lib/gcc/arm-none-eabi/10.3.1/../../../../arm-none-eabi/lib/thumb/v7e-m+fp/hard\libm.a
END GROUP
START GROUP
LOAD c:/st/stm32cubeide_1.5.0/stm32cubeide/plugins/com.st.stm32cube.ide.mcu.externaltools.gnu-tools-for-stm32.10.3-2021.10.win32_1.0.100.202210260954/tools/bin/../lib/gcc/arm-none-eabi/10.3.1/thumb/v7e-m+fp/hard\libgcc.a
LOAD c:/st/stm32cubeide_1.5.0/stm32cubeide/plugins/com.st.stm32cube.ide.mcu.externaltools.gnu-tools-for-stm32.10.3-2021.10.win32_1.0.100.202210260954/tools/bin/../lib/gcc/arm-none-eabi/10.3.1/../../../../arm-none-eabi/lib/thumb/v7e-m+fp/hard\libc_nano.a
END GROUP
START GROUP
LOAD c:/st/stm32cubeide_1.5.0/stm32cubeide/plugins/com.st.stm32cube.ide.mcu.externaltools.gnu-tools-for-stm32.10.3-2021.10.win32_1.0.100.202210260954/tools/bin/../lib/gcc/arm-none-eabi/10.3.1/thumb/v7e-m+fp/hard\libgcc.a
LOAD c:/st/stm32cubeide_1.5.0/stm32cubeide/plugins/com.st.stm32cube.ide.mcu.externaltools.gnu-tools-for-stm32.10.3-2021.10.win32_1.0.100.202210260954/tools/bin/../lib/gcc/arm-none-eabi/10.3.1/../../../../arm-none-eabi/lib/thumb/v7e-m+fp/hard\libc_nano.a
LOAD c:/st/stm32cubeide_1.5.0/stm32cubeide/plugins/com.st.stm32cube.ide.mcu.externaltools.gnu-tools-for-stm32.10.3-2021.10.win32_1.0.100.202210260954/tools/bin/../lib/gcc/arm-none-eabi/10.3.1/../../../../arm-none-eabi/lib/thumb/v7e-m+fp/hard\libnosys.a
END GROUP
START GROUP
LOAD c:/st/stm32cubeide_1.5.0/stm32cubeide/plugins/com.st.stm32cube.ide.mcu.externaltools.gnu-tools-for-stm32.10.3-2021.10.win32_1.0.100.202210260954/tools/bin/../lib/gcc/arm-none-eabi/10.3.1/thumb/v7e-m+fp/hard\libgcc.a
LOAD c:/st/stm32cubeide_1.5.0/stm32cubeide/plugins/com.st.stm32cube.ide.mcu.externaltools.gnu-tools-for-stm32.10.3-2021.10.win32_1.0.100.202210260954/tools/bin/../lib/gcc/arm-none-eabi/10.3.1/../../../../arm-none-eabi/lib/thumb/v7e-m+fp/hard\libc_nano.a
LOAD c:/st/stm32cubeide_1.5.0/stm32cubeide/plugins/com.st.stm32cube.ide.mcu.externaltools.gnu-tools-for-stm32.10.3-2021.10.win32_1.0.100.202210260954/tools/bin/../lib/gcc/arm-none-eabi/10.3.1/../../../../arm-none-eabi/lib/thumb/v7e-m+fp/hard\libnosys.a
END GROUP
LOAD c:/st/stm32cubeide_1.5.0/stm32cubeide/plugins/com.st.stm32cube.ide.mcu.externaltools.gnu-tools-for-stm32.10.3-2021.10.win32_1.0.100.202210260954/tools/bin/../lib/gcc/arm-none-eabi/10.3.1/thumb/v7e-m+fp/hard/crtend.o
LOAD c:/st/stm32cubeide_1.5.0/stm32cubeide/plugins/com.st.stm32cube.ide.mcu.externaltools.gnu-tools-for-stm32.10.3-2021.10.win32_1.0.100.202210260954/tools/bin/../lib/gcc/arm-none-eabi/10.3.1/thumb/v7e-m+fp/hard/crtn.o
                0x0000000020004000                _estack = (ORIGIN (RAM) + LENGTH (RAM))
                0x0000000000000200                _Min_Heap_Size = 0x200
                0x0000000000000400                _Min_Stack_Size = 0x400

.isr_vector     0x0000000008000000      0x188
                0x0000000008000000                . = ALIGN (0x4)
 *(.isr_vector)
 .isr_vector    0x0000000008000000      0x188 ./Core/Startup/startup_stm32f302r8tx.o
                0x0000000008000000                g_pfnVectors
                0x0000000008000188                . = ALIGN (0x4)

.text           0x0000000008000188     0x27c8
                0x0000000008000188                . = ALIGN (0x4)
 *(.text)
 .text          0x0000000008000188       0x40 c:/st/stm32cubeide_1.5.0/stm32cubeide/plugins/com.st.stm32cube.ide.mcu.externaltools.gnu-tools-for-stm32.10.3-2021.10.win32_1.0.100.202210260954/tools/bin/../lib/gcc/arm-none-eabi/10.3.1/thumb/v7e-m+fp/hard/crtbegin.o
 *(.text*)
 .text.LL_TIM_EnableCounter
                0x00000000080001c8       0x20 ./Core/Src/laser.o
 .text.LL_TIM_SetCounter
                0x00000000080001e8       0x1c ./Core/Src/laser.o
 .text.LL_TIM_CC_EnableChannel
                0x0000000008000204       0x22 ./Core/Src/laser.o
 .text.LL_TIM_EnableAllOutputs
                0x0000000008000226       0x20 ./Core/Src/laser.o
 .text.LL_TIM_EnableIT_CC1
                0x0000000008000246       0x20 ./Core/Src/laser.o
 .text.LL_GPIO_SetOutputPin
                0x0000000008000266       0x1c ./Core/Src/laser.o
 .text.LL_GPIO_ResetOutputPin
                0x0000000008000282       0x1c ./Core/Src/laser.o
 *fill*         0x000000000800029e        0x2 
 .text.my_init  0x00000000080002a0       0x78 ./Core/Src/laser.o
                0x00000000080002a0                my_init
 .text.my_loop  0x0000000008000318        0xe ./Core/Src/laser.o
                0x0000000008000318                my_loop
 *fill*         0x0000000008000326        0x2 
 .text.__NVIC_SetPriorityGrouping
                0x0000000008000328       0x48 ./Core/Src/main.o
 .text.__NVIC_GetPriorityGrouping
                0x0000000008000370       0x1c ./Core/Src/main.o
 .text.__NVIC_EnableIRQ
                0x000000000800038c       0x3c ./Core/Src/main.o
 .text.__NVIC_SetPriority
                0x00000000080003c8       0x54 ./Core/Src/main.o
 .text.NVIC_EncodePriority
                0x000000000800041c       0x66 ./Core/Src/main.o
 *fill*         0x0000000008000482        0x2 
 .text.LL_RCC_HSE_EnableBypass
                0x0000000008000484       0x20 ./Core/Src/main.o
 .text.LL_RCC_HSE_Enable
                0x00000000080004a4       0x20 ./Core/Src/main.o
 .text.LL_RCC_HSE_IsReady
                0x00000000080004c4       0x28 ./Core/Src/main.o
 .text.LL_RCC_SetSysClkSource
                0x00000000080004ec       0x28 ./Core/Src/main.o
 .text.LL_RCC_GetSysClkSource
                0x0000000008000514       0x1c ./Core/Src/main.o
 .text.LL_RCC_SetAHBPrescaler
                0x0000000008000530       0x28 ./Core/Src/main.o
 .text.LL_RCC_SetAPB1Prescaler
                0x0000000008000558       0x28 ./Core/Src/main.o
 .text.LL_RCC_SetAPB2Prescaler
                0x0000000008000580       0x28 ./Core/Src/main.o
 .text.LL_RCC_SetTIMClockSource
                0x00000000080005a8       0x38 ./Core/Src/main.o
 .text.LL_RCC_PLL_Enable
                0x00000000080005e0       0x20 ./Core/Src/main.o
 .text.LL_RCC_PLL_IsReady
                0x0000000008000600       0x28 ./Core/Src/main.o
 .text.LL_RCC_PLL_ConfigDomain_SYS
                0x0000000008000628       0x48 ./Core/Src/main.o
 .text.LL_AHB1_GRP1_EnableClock
                0x0000000008000670       0x30 ./Core/Src/main.o
 .text.LL_APB1_GRP1_EnableClock
                0x00000000080006a0       0x30 ./Core/Src/main.o
 .text.LL_APB2_GRP1_EnableClock
                0x00000000080006d0       0x30 ./Core/Src/main.o
 .text.LL_SYSCFG_SetEXTISource
                0x0000000008000700       0x5c ./Core/Src/main.o
 .text.LL_FLASH_SetLatency
                0x000000000800075c       0x28 ./Core/Src/main.o
 .text.LL_FLASH_GetLatency
                0x0000000008000784       0x1c ./Core/Src/main.o
 .text.LL_TIM_SetOnePulseMode
                0x00000000080007a0       0x26 ./Core/Src/main.o
 .text.LL_TIM_DisableARRPreload
                0x00000000080007c6       0x20 ./Core/Src/main.o
 *fill*         0x00000000080007e6        0x2 
 .text.LL_TIM_OC_DisableFast
                0x00000000080007e8       0xa4 ./Core/Src/main.o
 .text.LL_TIM_OC_EnablePreload
                0x000000000800088c       0xa0 ./Core/Src/main.o
 .text.LL_TIM_SetClockSource
                0x000000000800092c       0x2a ./Core/Src/main.o
 .text.LL_TIM_SetTriggerOutput
                0x0000000008000956       0x26 ./Core/Src/main.o
 .text.LL_TIM_DisableMasterSlaveMode
                0x000000000800097c       0x20 ./Core/Src/main.o
 .text.LL_USART_Enable
                0x000000000800099c       0x20 ./Core/Src/main.o
 .text.LL_USART_ConfigAsyncMode
                0x00000000080009bc       0x2c ./Core/Src/main.o
 .text.LL_USART_DisableIT_CTS
                0x00000000080009e8       0x46 ./Core/Src/main.o
 .text.LL_GPIO_SetPinMode
                0x0000000008000a2e       0x5e ./Core/Src/main.o
 .text.LL_GPIO_SetPinPull
                0x0000000008000a8c       0x5e ./Core/Src/main.o
 .text.LL_GPIO_ResetOutputPin
                0x0000000008000aea       0x1c ./Core/Src/main.o
 .text.main     0x0000000008000b06       0x3a ./Core/Src/main.o
                0x0000000008000b06                main
 .text.SystemClock_Config
                0x0000000008000b40       0x90 ./Core/Src/main.o
                0x0000000008000b40                SystemClock_Config
 .text.MX_TIM2_Init
                0x0000000008000bd0       0x84 ./Core/Src/main.o
 .text.MX_TIM16_Init
                0x0000000008000c54      0x120 ./Core/Src/main.o
 .text.MX_TIM17_Init
                0x0000000008000d74      0x124 ./Core/Src/main.o
 .text.MX_USART2_UART_Init
                0x0000000008000e98       0xa8 ./Core/Src/main.o
 .text.MX_GPIO_Init
                0x0000000008000f40      0x1e0 ./Core/Src/main.o
 .text.LL_EXTI_DisableIT_0_31
                0x0000000008001120       0x28 ./Core/Src/motors.o
 .text.handle_endstop_x
                0x0000000008001148       0x24 ./Core/Src/motors.o
                0x0000000008001148                handle_endstop_x
 .text.handle_endstop_y
                0x000000000800116c       0x28 ./Core/Src/motors.o
                0x000000000800116c                handle_endstop_y
 .text.LL_EXTI_IsActiveFlag_0_31
                0x0000000008001194       0x2c ./Core/Src/stm32f3xx_it.o
 .text.LL_EXTI_ClearFlag_0_31
                0x00000000080011c0       0x20 ./Core/Src/stm32f3xx_it.o
 .text.LL_TIM_EnableCounter
                0x00000000080011e0       0x20 ./Core/Src/stm32f3xx_it.o
 .text.LL_TIM_ClearFlag_CC1
                0x0000000008001200       0x1c ./Core/Src/stm32f3xx_it.o
 .text.NMI_Handler
                0x000000000800121c        0x6 ./Core/Src/stm32f3xx_it.o
                0x000000000800121c                NMI_Handler
 .text.HardFault_Handler
                0x0000000008001222        0x6 ./Core/Src/stm32f3xx_it.o
                0x0000000008001222                HardFault_Handler
 .text.MemManage_Handler
                0x0000000008001228        0x6 ./Core/Src/stm32f3xx_it.o
                0x0000000008001228                MemManage_Handler
 .text.BusFault_Handler
                0x000000000800122e        0x6 ./Core/Src/stm32f3xx_it.o
                0x000000000800122e                BusFault_Handler
 .text.UsageFault_Handler
                0x0000000008001234        0x6 ./Core/Src/stm32f3xx_it.o
                0x0000000008001234                UsageFault_Handler
 .text.SVC_Handler
                0x000000000800123a        0xe ./Core/Src/stm32f3xx_it.o
                0x000000000800123a                SVC_Handler
 .text.DebugMon_Handler
                0x0000000008001248        0xe ./Core/Src/stm32f3xx_it.o
                0x0000000008001248                DebugMon_Handler
 .text.PendSV_Handler
                0x0000000008001256        0xe ./Core/Src/stm32f3xx_it.o
                0x0000000008001256                PendSV_Handler
 .text.SysTick_Handler
                0x0000000008001264        0xe ./Core/Src/stm32f3xx_it.o
                0x0000000008001264                SysTick_Handler
 .text.EXTI9_5_IRQHandler
                0x0000000008001272       0x1e ./Core/Src/stm32f3xx_it.o
                0x0000000008001272                EXTI9_5_IRQHandler
 .text.TIM2_IRQHandler
                0x0000000008001290       0x38 ./Core/Src/stm32f3xx_it.o
                0x0000000008001290                TIM2_IRQHandler
 .text.EXTI15_10_IRQHandler
                0x00000000080012c8       0x38 ./Core/Src/stm32f3xx_it.o
                0x00000000080012c8                EXTI15_10_IRQHandler
 .text.SystemInit
                0x0000000008001300       0x24 ./Core/Src/system_stm32f3xx.o
                0x0000000008001300                SystemInit
 .text.Reset_Handler
                0x0000000008001324       0x50 ./Core/Startup/startup_stm32f302r8tx.o
                0x0000000008001324                Reset_Handler
 .text.Default_Handler
                0x0000000008001374        0x2 ./Core/Startup/startup_stm32f302r8tx.o
                0x0000000008001374                RTC_Alarm_IRQHandler
                0x0000000008001374                TIM1_CC_IRQHandler
                0x0000000008001374                USB_HP_IRQHandler
                0x0000000008001374                PVD_IRQHandler
                0x0000000008001374                TAMP_STAMP_IRQHandler
                0x0000000008001374                EXTI3_IRQHandler
                0x0000000008001374                I2C3_ER_IRQHandler
                0x0000000008001374                USB_HP_CAN_TX_IRQHandler
                0x0000000008001374                EXTI0_IRQHandler
                0x0000000008001374                I2C2_EV_IRQHandler
                0x0000000008001374                FPU_IRQHandler
                0x0000000008001374                TIM1_UP_TIM16_IRQHandler
                0x0000000008001374                CAN_SCE_IRQHandler
                0x0000000008001374                TIM6_DAC_IRQHandler
                0x0000000008001374                DMA1_Channel4_IRQHandler
                0x0000000008001374                ADC1_IRQHandler
                0x0000000008001374                USART3_IRQHandler
                0x0000000008001374                DMA1_Channel7_IRQHandler
                0x0000000008001374                CAN_RX1_IRQHandler
                0x0000000008001374                I2C1_EV_IRQHandler
                0x0000000008001374                DMA1_Channel6_IRQHandler
                0x0000000008001374                RCC_IRQHandler
                0x0000000008001374                DMA1_Channel1_IRQHandler
                0x0000000008001374                Default_Handler
                0x0000000008001374                USBWakeUp_RMP_IRQHandler
                0x0000000008001374                COMP2_IRQHandler
                0x0000000008001374                I2C3_EV_IRQHandler
                0x0000000008001374                RTC_WKUP_IRQHandler
                0x0000000008001374                SPI2_IRQHandler
                0x0000000008001374                USB_LP_CAN_RX0_IRQHandler
                0x0000000008001374                DMA1_Channel5_IRQHandler
                0x0000000008001374                USB_LP_IRQHandler
                0x0000000008001374                EXTI4_IRQHandler
                0x0000000008001374                TIM1_TRG_COM_TIM17_IRQHandler
                0x0000000008001374                DMA1_Channel3_IRQHandler
                0x0000000008001374                WWDG_IRQHandler
                0x0000000008001374                EXTI1_IRQHandler
                0x0000000008001374                COMP4_6_IRQHandler
                0x0000000008001374                USART2_IRQHandler
                0x0000000008001374                I2C2_ER_IRQHandler
                0x0000000008001374                DMA1_Channel2_IRQHandler
                0x0000000008001374                FLASH_IRQHandler
                0x0000000008001374                USART1_IRQHandler
                0x0000000008001374                SPI3_IRQHandler
                0x0000000008001374                I2C1_ER_IRQHandler
                0x0000000008001374                USBWakeUp_IRQHandler
                0x0000000008001374                EXTI2_TSC_IRQHandler
                0x0000000008001374                TIM1_BRK_TIM15_IRQHandler
 *fill*         0x0000000008001376        0x2 
 .text.LL_EXTI_EnableIT_0_31
                0x0000000008001378       0x24 ./Drivers/STM32F3xx_HAL_Driver/Src/stm32f3xx_ll_exti.o
 .text.LL_EXTI_EnableIT_32_63
                0x000000000800139c       0x24 ./Drivers/STM32F3xx_HAL_Driver/Src/stm32f3xx_ll_exti.o
 .text.LL_EXTI_DisableIT_0_31
                0x00000000080013c0       0x28 ./Drivers/STM32F3xx_HAL_Driver/Src/stm32f3xx_ll_exti.o
 .text.LL_EXTI_DisableIT_32_63
                0x00000000080013e8       0x28 ./Drivers/STM32F3xx_HAL_Driver/Src/stm32f3xx_ll_exti.o
 .text.LL_EXTI_EnableEvent_0_31
                0x0000000008001410       0x24 ./Drivers/STM32F3xx_HAL_Driver/Src/stm32f3xx_ll_exti.o
 .text.LL_EXTI_EnableEvent_32_63
                0x0000000008001434       0x24 ./Drivers/STM32F3xx_HAL_Driver/Src/stm32f3xx_ll_exti.o
 .text.LL_EXTI_DisableEvent_0_31
                0x0000000008001458       0x28 ./Drivers/STM32F3xx_HAL_Driver/Src/stm32f3xx_ll_exti.o
 .text.LL_EXTI_DisableEvent_32_63
                0x0000000008001480       0x28 ./Drivers/STM32F3xx_HAL_Driver/Src/stm32f3xx_ll_exti.o
 .text.LL_EXTI_EnableRisingTrig_0_31
                0x00000000080014a8       0x24 ./Drivers/STM32F3xx_HAL_Driver/Src/stm32f3xx_ll_exti.o
 .text.LL_EXTI_EnableRisingTrig_32_63
                0x00000000080014cc       0x24 ./Drivers/STM32F3xx_HAL_Driver/Src/stm32f3xx_ll_exti.o
 .text.LL_EXTI_DisableRisingTrig_0_31
                0x00000000080014f0       0x28 ./Drivers/STM32F3xx_HAL_Driver/Src/stm32f3xx_ll_exti.o
 .text.LL_EXTI_DisableRisingTrig_32_63
                0x0000000008001518       0x28 ./Drivers/STM32F3xx_HAL_Driver/Src/stm32f3xx_ll_exti.o
 .text.LL_EXTI_EnableFallingTrig_0_31
                0x0000000008001540       0x24 ./Drivers/STM32F3xx_HAL_Driver/Src/stm32f3xx_ll_exti.o
 .text.LL_EXTI_EnableFallingTrig_32_63
                0x0000000008001564       0x24 ./Drivers/STM32F3xx_HAL_Driver/Src/stm32f3xx_ll_exti.o
 .text.LL_EXTI_DisableFallingTrig_0_31
                0x0000000008001588       0x28 ./Drivers/STM32F3xx_HAL_Driver/Src/stm32f3xx_ll_exti.o
 .text.LL_EXTI_DisableFallingTrig_32_63
                0x00000000080015b0       0x28 ./Drivers/STM32F3xx_HAL_Driver/Src/stm32f3xx_ll_exti.o
 .text.LL_EXTI_Init
                0x00000000080015d8      0x1e6 ./Drivers/STM32F3xx_HAL_Driver/Src/stm32f3xx_ll_exti.o
                0x00000000080015d8                LL_EXTI_Init
 .text.LL_GPIO_SetPinMode
                0x00000000080017be       0x5e ./Drivers/STM32F3xx_HAL_Driver/Src/stm32f3xx_ll_gpio.o
 .text.LL_GPIO_SetPinOutputType
                0x000000000800181c       0x30 ./Drivers/STM32F3xx_HAL_Driver/Src/stm32f3xx_ll_gpio.o
 .text.LL_GPIO_SetPinSpeed
                0x000000000800184c       0x5e ./Drivers/STM32F3xx_HAL_Driver/Src/stm32f3xx_ll_gpio.o
 .text.LL_GPIO_SetPinPull
                0x00000000080018aa       0x5e ./Drivers/STM32F3xx_HAL_Driver/Src/stm32f3xx_ll_gpio.o
 .text.LL_GPIO_SetAFPin_0_7
                0x0000000008001908       0x5e ./Drivers/STM32F3xx_HAL_Driver/Src/stm32f3xx_ll_gpio.o
 .text.LL_GPIO_SetAFPin_8_15
                0x0000000008001966       0x62 ./Drivers/STM32F3xx_HAL_Driver/Src/stm32f3xx_ll_gpio.o
 .text.LL_GPIO_Init
                0x00000000080019c8       0xe0 ./Drivers/STM32F3xx_HAL_Driver/Src/stm32f3xx_ll_gpio.o
                0x00000000080019c8                LL_GPIO_Init
 .text.LL_RCC_HSI_IsReady
                0x0000000008001aa8       0x24 ./Drivers/STM32F3xx_HAL_Driver/Src/stm32f3xx_ll_rcc.o
 .text.LL_RCC_LSE_IsReady
                0x0000000008001acc       0x24 ./Drivers/STM32F3xx_HAL_Driver/Src/stm32f3xx_ll_rcc.o
 .text.LL_RCC_GetSysClkSource
                0x0000000008001af0       0x1c ./Drivers/STM32F3xx_HAL_Driver/Src/stm32f3xx_ll_rcc.o
 .text.LL_RCC_GetAHBPrescaler
                0x0000000008001b0c       0x1c ./Drivers/STM32F3xx_HAL_Driver/Src/stm32f3xx_ll_rcc.o
 .text.LL_RCC_GetAPB1Prescaler
                0x0000000008001b28       0x1c ./Drivers/STM32F3xx_HAL_Driver/Src/stm32f3xx_ll_rcc.o
 .text.LL_RCC_GetAPB2Prescaler
                0x0000000008001b44       0x1c ./Drivers/STM32F3xx_HAL_Driver/Src/stm32f3xx_ll_rcc.o
 .text.LL_RCC_GetUSARTClockSource
                0x0000000008001b60       0x2c ./Drivers/STM32F3xx_HAL_Driver/Src/stm32f3xx_ll_rcc.o
 .text.LL_RCC_PLL_GetMainSource
                0x0000000008001b8c       0x1c ./Drivers/STM32F3xx_HAL_Driver/Src/stm32f3xx_ll_rcc.o
 .text.LL_RCC_PLL_GetMultiplicator
                0x0000000008001ba8       0x1c ./Drivers/STM32F3xx_HAL_Driver/Src/stm32f3xx_ll_rcc.o
 .text.LL_RCC_PLL_GetPrediv
                0x0000000008001bc4       0x1c ./Drivers/STM32F3xx_HAL_Driver/Src/stm32f3xx_ll_rcc.o
 .text.LL_RCC_GetSystemClocksFreq
                0x0000000008001be0       0x4a ./Drivers/STM32F3xx_HAL_Driver/Src/stm32f3xx_ll_rcc.o
                0x0000000008001be0                LL_RCC_GetSystemClocksFreq
 *fill*         0x0000000008001c2a        0x2 
 .text.LL_RCC_GetUSARTClockFreq
                0x0000000008001c2c       0x88 ./Drivers/STM32F3xx_HAL_Driver/Src/stm32f3xx_ll_rcc.o
                0x0000000008001c2c                LL_RCC_GetUSARTClockFreq
 .text.RCC_GetSystemClockFreq
                0x0000000008001cb4       0x4c ./Drivers/STM32F3xx_HAL_Driver/Src/stm32f3xx_ll_rcc.o
                0x0000000008001cb4                RCC_GetSystemClockFreq
 .text.RCC_GetHCLKClockFreq
                0x0000000008001d00       0x2c ./Drivers/STM32F3xx_HAL_Driver/Src/stm32f3xx_ll_rcc.o
                0x0000000008001d00                RCC_GetHCLKClockFreq
 .text.RCC_GetPCLK1ClockFreq
                0x0000000008001d2c       0x28 ./Drivers/STM32F3xx_HAL_Driver/Src/stm32f3xx_ll_rcc.o
                0x0000000008001d2c                RCC_GetPCLK1ClockFreq
 .text.RCC_GetPCLK2ClockFreq
                0x0000000008001d54       0x28 ./Drivers/STM32F3xx_HAL_Driver/Src/stm32f3xx_ll_rcc.o
                0x0000000008001d54                RCC_GetPCLK2ClockFreq
 .text.RCC_PLL_GetFreqDomain_SYS
                0x0000000008001d7c       0x7c ./Drivers/STM32F3xx_HAL_Driver/Src/stm32f3xx_ll_rcc.o
                0x0000000008001d7c                RCC_PLL_GetFreqDomain_SYS
 .text.LL_TIM_SetPrescaler
                0x0000000008001df8       0x1c ./Drivers/STM32F3xx_HAL_Driver/Src/stm32f3xx_ll_tim.o
 .text.LL_TIM_SetAutoReload
                0x0000000008001e14       0x1c ./Drivers/STM32F3xx_HAL_Driver/Src/stm32f3xx_ll_tim.o
 .text.LL_TIM_SetRepetitionCounter
                0x0000000008001e30       0x1c ./Drivers/STM32F3xx_HAL_Driver/Src/stm32f3xx_ll_tim.o
 .text.LL_TIM_OC_SetCompareCH1
                0x0000000008001e4c       0x1c ./Drivers/STM32F3xx_HAL_Driver/Src/stm32f3xx_ll_tim.o
 .text.LL_TIM_OC_SetCompareCH2
                0x0000000008001e68       0x1c ./Drivers/STM32F3xx_HAL_Driver/Src/stm32f3xx_ll_tim.o
 .text.LL_TIM_OC_SetCompareCH3
                0x0000000008001e84       0x1c ./Drivers/STM32F3xx_HAL_Driver/Src/stm32f3xx_ll_tim.o
 .text.LL_TIM_OC_SetCompareCH4
                0x0000000008001ea0       0x1c ./Drivers/STM32F3xx_HAL_Driver/Src/stm32f3xx_ll_tim.o
 .text.LL_TIM_OC_SetCompareCH5
                0x0000000008001ebc       0x20 ./Drivers/STM32F3xx_HAL_Driver/Src/stm32f3xx_ll_tim.o
 .text.LL_TIM_OC_SetCompareCH6
                0x0000000008001edc       0x1c ./Drivers/STM32F3xx_HAL_Driver/Src/stm32f3xx_ll_tim.o
 .text.LL_TIM_GenerateEvent_UPDATE
                0x0000000008001ef8       0x20 ./Drivers/STM32F3xx_HAL_Driver/Src/stm32f3xx_ll_tim.o
 .text.LL_TIM_Init
                0x0000000008001f18       0xd0 ./Drivers/STM32F3xx_HAL_Driver/Src/stm32f3xx_ll_tim.o
                0x0000000008001f18                LL_TIM_Init
 .text.LL_TIM_OC_Init
                0x0000000008001fe8       0xbe ./Drivers/STM32F3xx_HAL_Driver/Src/stm32f3xx_ll_tim.o
                0x0000000008001fe8                LL_TIM_OC_Init
 *fill*         0x00000000080020a6        0x2 
 .text.LL_TIM_BDTR_Init
                0x00000000080020a8       0xe0 ./Drivers/STM32F3xx_HAL_Driver/Src/stm32f3xx_ll_tim.o
                0x00000000080020a8                LL_TIM_BDTR_Init
 .text.OC1Config
                0x0000000008002188       0xf4 ./Drivers/STM32F3xx_HAL_Driver/Src/stm32f3xx_ll_tim.o
 .text.OC2Config
                0x000000000800227c       0xfc ./Drivers/STM32F3xx_HAL_Driver/Src/stm32f3xx_ll_tim.o
 .text.OC3Config
                0x0000000008002378       0xfc ./Drivers/STM32F3xx_HAL_Driver/Src/stm32f3xx_ll_tim.o
 .text.OC4Config
                0x0000000008002474       0xcc ./Drivers/STM32F3xx_HAL_Driver/Src/stm32f3xx_ll_tim.o
 .text.OC5Config
                0x0000000008002540       0xbc ./Drivers/STM32F3xx_HAL_Driver/Src/stm32f3xx_ll_tim.o
 .text.OC6Config
                0x00000000080025fc       0xbc ./Drivers/STM32F3xx_HAL_Driver/Src/stm32f3xx_ll_tim.o
 .text.LL_USART_IsEnabled
                0x00000000080026b8       0x26 ./Drivers/STM32F3xx_HAL_Driver/Src/stm32f3xx_ll_usart.o
 .text.LL_USART_SetStopBitsLength
                0x00000000080026de       0x26 ./Drivers/STM32F3xx_HAL_Driver/Src/stm32f3xx_ll_usart.o
 .text.LL_USART_SetHWFlowCtrl
                0x0000000008002704       0x26 ./Drivers/STM32F3xx_HAL_Driver/Src/stm32f3xx_ll_usart.o
 .text.LL_USART_SetBaudRate
                0x000000000800272a       0x6e ./Drivers/STM32F3xx_HAL_Driver/Src/stm32f3xx_ll_usart.o
 .text.LL_USART_Init
                0x0000000008002798       0xd8 ./Drivers/STM32F3xx_HAL_Driver/Src/stm32f3xx_ll_usart.o
                0x0000000008002798                LL_USART_Init
 .text.LL_InitTick
                0x0000000008002870       0x34 ./Drivers/STM32F3xx_HAL_Driver/Src/stm32f3xx_ll_utils.o
 .text.LL_Init1msTick
                0x00000000080028a4       0x1a ./Drivers/STM32F3xx_HAL_Driver/Src/stm32f3xx_ll_utils.o
                0x00000000080028a4                LL_Init1msTick
 *fill*         0x00000000080028be        0x2 
 .text.LL_SetSystemCoreClock
                0x00000000080028c0       0x20 ./Drivers/STM32F3xx_HAL_Driver/Src/stm32f3xx_ll_utils.o
                0x00000000080028c0                LL_SetSystemCoreClock
 .text.__libc_init_array
                0x00000000080028e0       0x48 c:/st/stm32cubeide_1.5.0/stm32cubeide/plugins/com.st.stm32cube.ide.mcu.externaltools.gnu-tools-for-stm32.10.3-2021.10.win32_1.0.100.202210260954/tools/bin/../lib/gcc/arm-none-eabi/10.3.1/../../../../arm-none-eabi/lib/thumb/v7e-m+fp/hard\libc_nano.a(lib_a-init.o)
                0x00000000080028e0                __libc_init_array
 .text.memset   0x0000000008002928       0x10 c:/st/stm32cubeide_1.5.0/stm32cubeide/plugins/com.st.stm32cube.ide.mcu.externaltools.gnu-tools-for-stm32.10.3-2021.10.win32_1.0.100.202210260954/tools/bin/../lib/gcc/arm-none-eabi/10.3.1/../../../../arm-none-eabi/lib/thumb/v7e-m+fp/hard\libc_nano.a(lib_a-memset.o)
                0x0000000008002928                memset
 *(.glue_7)
 .glue_7        0x0000000008002938        0x0 linker stubs
 *(.glue_7t)
 .glue_7t       0x0000000008002938        0x0 linker stubs
 *(.eh_frame)
 .eh_frame      0x0000000008002938        0x0 c:/st/stm32cubeide_1.5.0/stm32cubeide/plugins/com.st.stm32cube.ide.mcu.externaltools.gnu-tools-for-stm32.10.3-2021.10.win32_1.0.100.202210260954/tools/bin/../lib/gcc/arm-none-eabi/10.3.1/thumb/v7e-m+fp/hard/crtbegin.o
 *(.init)
 .init          0x0000000008002938        0x4 c:/st/stm32cubeide_1.5.0/stm32cubeide/plugins/com.st.stm32cube.ide.mcu.externaltools.gnu-tools-for-stm32.10.3-2021.10.win32_1.0.100.202210260954/tools/bin/../lib/gcc/arm-none-eabi/10.3.1/thumb/v7e-m+fp/hard/crti.o
                0x0000000008002938                _init
 .init          0x000000000800293c        0x8 c:/st/stm32cubeide_1.5.0/stm32cubeide/plugins/com.st.stm32cube.ide.mcu.externaltools.gnu-tools-for-stm32.10.3-2021.10.win32_1.0.100.202210260954/tools/bin/../lib/gcc/arm-none-eabi/10.3.1/thumb/v7e-m+fp/hard/crtn.o
 *(.fini)
 .fini          0x0000000008002944        0x4 c:/st/stm32cubeide_1.5.0/stm32cubeide/plugins/com.st.stm32cube.ide.mcu.externaltools.gnu-tools-for-stm32.10.3-2021.10.win32_1.0.100.202210260954/tools/bin/../lib/gcc/arm-none-eabi/10.3.1/thumb/v7e-m+fp/hard/crti.o
                0x0000000008002944                _fini
 .fini          0x0000000008002948        0x8 c:/st/stm32cubeide_1.5.0/stm32cubeide/plugins/com.st.stm32cube.ide.mcu.externaltools.gnu-tools-for-stm32.10.3-2021.10.win32_1.0.100.202210260954/tools/bin/../lib/gcc/arm-none-eabi/10.3.1/thumb/v7e-m+fp/hard/crtn.o
                0x0000000008002950                . = ALIGN (0x4)
                0x0000000008002950                _etext = .

.vfp11_veneer   0x0000000008002950        0x0
 .vfp11_veneer  0x0000000008002950        0x0 linker stubs

.v4_bx          0x0000000008002950        0x0
 .v4_bx         0x0000000008002950        0x0 linker stubs

.iplt           0x0000000008002950        0x0
 .iplt          0x0000000008002950        0x0 c:/st/stm32cubeide_1.5.0/stm32cubeide/plugins/com.st.stm32cube.ide.mcu.externaltools.gnu-tools-for-stm32.10.3-2021.10.win32_1.0.100.202210260954/tools/bin/../lib/gcc/arm-none-eabi/10.3.1/thumb/v7e-m+fp/hard/crtbegin.o

.rodata         0x0000000008002950       0x30
                0x0000000008002950                . = ALIGN (0x4)
 *(.rodata)
 *(.rodata*)
 .rodata.OFFSET_TAB_CCMRx
                0x0000000008002950        0x9 ./Core/Src/main.o
 *fill*         0x0000000008002959        0x3 
 .rodata.SHIFT_TAB_OCxx
                0x000000000800295c        0x9 ./Core/Src/main.o
 *fill*         0x0000000008002965        0x3 
 .rodata.AHBPrescTable
                0x0000000008002968       0x10 ./Core/Src/system_stm32f3xx.o
                0x0000000008002968                AHBPrescTable
 .rodata.APBPrescTable
                0x0000000008002978        0x8 ./Core/Src/system_stm32f3xx.o
                0x0000000008002978                APBPrescTable
                0x0000000008002980                . = ALIGN (0x4)

.rel.dyn        0x0000000008002980        0x0
 .rel.iplt      0x0000000008002980        0x0 c:/st/stm32cubeide_1.5.0/stm32cubeide/plugins/com.st.stm32cube.ide.mcu.externaltools.gnu-tools-for-stm32.10.3-2021.10.win32_1.0.100.202210260954/tools/bin/../lib/gcc/arm-none-eabi/10.3.1/thumb/v7e-m+fp/hard/crtbegin.o

.ARM.extab      0x0000000008002980        0x0
                0x0000000008002980                . = ALIGN (0x4)
 *(.ARM.extab* .gnu.linkonce.armextab.*)
                0x0000000008002980                . = ALIGN (0x4)

.ARM            0x0000000008002980        0x0
                0x0000000008002980                . = ALIGN (0x4)
                0x0000000008002980                __exidx_start = .
 *(.ARM.exidx*)
                0x0000000008002980                __exidx_end = .
                0x0000000008002980                . = ALIGN (0x4)

.preinit_array  0x0000000008002980        0x0
                0x0000000008002980                . = ALIGN (0x4)
                0x0000000008002980                PROVIDE (__preinit_array_start = .)
 *(.preinit_array*)
                0x0000000008002980                PROVIDE (__preinit_array_end = .)
                0x0000000008002980                . = ALIGN (0x4)

.init_array     0x0000000008002980        0x4
                0x0000000008002980                . = ALIGN (0x4)
                0x0000000008002980                PROVIDE (__init_array_start = .)
 *(SORT_BY_NAME(.init_array.*))
 *(.init_array*)
 .init_array    0x0000000008002980        0x4 c:/st/stm32cubeide_1.5.0/stm32cubeide/plugins/com.st.stm32cube.ide.mcu.externaltools.gnu-tools-for-stm32.10.3-2021.10.win32_1.0.100.202210260954/tools/bin/../lib/gcc/arm-none-eabi/10.3.1/thumb/v7e-m+fp/hard/crtbegin.o
                0x0000000008002984                PROVIDE (__init_array_end = .)
                0x0000000008002984                . = ALIGN (0x4)

.fini_array     0x0000000008002984        0x4
                0x0000000008002984                . = ALIGN (0x4)
                [!provide]                        PROVIDE (__fini_array_start = .)
 *(SORT_BY_NAME(.fini_array.*))
 *(.fini_array*)
 .fini_array    0x0000000008002984        0x4 c:/st/stm32cubeide_1.5.0/stm32cubeide/plugins/com.st.stm32cube.ide.mcu.externaltools.gnu-tools-for-stm32.10.3-2021.10.win32_1.0.100.202210260954/tools/bin/../lib/gcc/arm-none-eabi/10.3.1/thumb/v7e-m+fp/hard/crtbegin.o
                [!provide]                        PROVIDE (__fini_array_end = .)
                0x0000000008002988                . = ALIGN (0x4)
                0x0000000008002988                _sidata = LOADADDR (.data)

.data           0x0000000020000000        0x4 load address 0x0000000008002988
                0x0000000020000000                . = ALIGN (0x4)
                0x0000000020000000                _sdata = .
 *(.data)
 *(.data*)
 .data.SystemCoreClock
                0x0000000020000000        0x4 ./Core/Src/system_stm32f3xx.o
                0x0000000020000000                SystemCoreClock
 *(.RamFunc)
 *(.RamFunc*)
                0x0000000020000004                . = ALIGN (0x4)
                0x0000000020000004                _edata = .

.igot.plt       0x0000000020000004        0x0 load address 0x000000000800298c
 .igot.plt      0x0000000020000004        0x0 c:/st/stm32cubeide_1.5.0/stm32cubeide/plugins/com.st.stm32cube.ide.mcu.externaltools.gnu-tools-for-stm32.10.3-2021.10.win32_1.0.100.202210260954/tools/bin/../lib/gcc/arm-none-eabi/10.3.1/thumb/v7e-m+fp/hard/crtbegin.o
                0x0000000020000004                . = ALIGN (0x4)

.bss            0x0000000020000004       0x24 load address 0x000000000800298c
                0x0000000020000004                _sbss = .
                0x0000000020000004                __bss_start__ = _sbss
 *(.bss)
 .bss           0x0000000020000004       0x1c c:/st/stm32cubeide_1.5.0/stm32cubeide/plugins/com.st.stm32cube.ide.mcu.externaltools.gnu-tools-for-stm32.10.3-2021.10.win32_1.0.100.202210260954/tools/bin/../lib/gcc/arm-none-eabi/10.3.1/thumb/v7e-m+fp/hard/crtbegin.o
 *(.bss*)
 .bss.homed_x   0x0000000020000020        0x1 ./Core/Src/motors.o
                0x0000000020000020                homed_x
 .bss.homed_y   0x0000000020000021        0x1 ./Core/Src/motors.o
                0x0000000020000021                homed_y
 .bss.is_homing
                0x0000000020000022        0x1 ./Core/Src/motors.o
                0x0000000020000022                is_homing
 *fill*         0x0000000020000023        0x1 
 .bss.tim2Tick  0x0000000020000024        0x4 ./Core/Src/stm32f3xx_it.o
                0x0000000020000024                tim2Tick
 *(COMMON)
                0x0000000020000028                . = ALIGN (0x4)
                0x0000000020000028                _ebss = .
                0x0000000020000028                __bss_end__ = _ebss

._user_heap_stack
                0x0000000020000028      0x600 load address 0x000000000800298c
                0x0000000020000028                . = ALIGN (0x8)
                [!provide]                        PROVIDE (end = .)
                0x0000000020000028                PROVIDE (_end = .)
                0x0000000020000228                . = (. + _Min_Heap_Size)
 *fill*         0x0000000020000028      0x200 
                0x0000000020000628                . = (. + _Min_Stack_Size)
 *fill*         0x0000000020000228      0x400 
                0x0000000020000628                . = ALIGN (0x8)

/DISCARD/
 libc.a(*)
 libm.a(*)
 libgcc.a(*)

.ARM.attributes
                0x0000000000000000       0x30
 *(.ARM.attributes)
 .ARM.attributes
                0x0000000000000000       0x1e c:/st/stm32cubeide_1.5.0/stm32cubeide/plugins/com.st.stm32cube.ide.mcu.externaltools.gnu-tools-for-stm32.10.3-2021.10.win32_1.0.100.202210260954/tools/bin/../lib/gcc/arm-none-eabi/10.3.1/thumb/v7e-m+fp/hard/crti.o
 .ARM.attributes
                0x000000000000001e       0x34 c:/st/stm32cubeide_1.5.0/stm32cubeide/plugins/com.st.stm32cube.ide.mcu.externaltools.gnu-tools-for-stm32.10.3-2021.10.win32_1.0.100.202210260954/tools/bin/../lib/gcc/arm-none-eabi/10.3.1/thumb/v7e-m+fp/hard/crtbegin.o
 .ARM.attributes
                0x0000000000000052       0x34 ./Core/Src/laser.o
 .ARM.attributes
                0x0000000000000086       0x34 ./Core/Src/main.o
 .ARM.attributes
                0x00000000000000ba       0x34 ./Core/Src/motors.o
 .ARM.attributes
                0x00000000000000ee       0x34 ./Core/Src/stm32f3xx_it.o
 .ARM.attributes
                0x0000000000000122       0x34 ./Core/Src/system_stm32f3xx.o
 .ARM.attributes
                0x0000000000000156       0x21 ./Core/Startup/startup_stm32f302r8tx.o
 .ARM.attributes
                0x0000000000000177       0x34 ./Drivers/STM32F3xx_HAL_Driver/Src/stm32f3xx_ll_exti.o
 .ARM.attributes
                0x00000000000001ab       0x34 ./Drivers/STM32F3xx_HAL_Driver/Src/stm32f3xx_ll_gpio.o
 .ARM.attributes
                0x00000000000001df       0x34 ./Drivers/STM32F3xx_HAL_Driver/Src/stm32f3xx_ll_rcc.o
 .ARM.attributes
                0x0000000000000213       0x34 ./Drivers/STM32F3xx_HAL_Driver/Src/stm32f3xx_ll_tim.o
 .ARM.attributes
                0x0000000000000247       0x34 ./Drivers/STM32F3xx_HAL_Driver/Src/stm32f3xx_ll_usart.o
 .ARM.attributes
                0x000000000000027b       0x34 ./Drivers/STM32F3xx_HAL_Driver/Src/stm32f3xx_ll_utils.o
 .ARM.attributes
                0x00000000000002af       0x34 c:/st/stm32cubeide_1.5.0/stm32cubeide/plugins/com.st.stm32cube.ide.mcu.externaltools.gnu-tools-for-stm32.10.3-2021.10.win32_1.0.100.202210260954/tools/bin/../lib/gcc/arm-none-eabi/10.3.1/../../../../arm-none-eabi/lib/thumb/v7e-m+fp/hard\libc_nano.a(lib_a-init.o)
 .ARM.attributes
                0x00000000000002e3       0x34 c:/st/stm32cubeide_1.5.0/stm32cubeide/plugins/com.st.stm32cube.ide.mcu.externaltools.gnu-tools-for-stm32.10.3-2021.10.win32_1.0.100.202210260954/tools/bin/../lib/gcc/arm-none-eabi/10.3.1/../../../../arm-none-eabi/lib/thumb/v7e-m+fp/hard\libc_nano.a(lib_a-memset.o)
 .ARM.attributes
                0x0000000000000317       0x1e c:/st/stm32cubeide_1.5.0/stm32cubeide/plugins/com.st.stm32cube.ide.mcu.externaltools.gnu-tools-for-stm32.10.3-2021.10.win32_1.0.100.202210260954/tools/bin/../lib/gcc/arm-none-eabi/10.3.1/thumb/v7e-m+fp/hard/crtn.o
OUTPUT(laser_control.elf elf32-littlearm)
LOAD linker stubs
LOAD c:/st/stm32cubeide_1.5.0/stm32cubeide/plugins/com.st.stm32cube.ide.mcu.externaltools.gnu-tools-for-stm32.10.3-2021.10.win32_1.0.100.202210260954/tools/bin/../lib/gcc/arm-none-eabi/10.3.1/../../../../arm-none-eabi/lib/thumb/v7e-m+fp/hard\libc.a
LOAD c:/st/stm32cubeide_1.5.0/stm32cubeide/plugins/com.st.stm32cube.ide.mcu.externaltools.gnu-tools-for-stm32.10.3-2021.10.win32_1.0.100.202210260954/tools/bin/../lib/gcc/arm-none-eabi/10.3.1/../../../../arm-none-eabi/lib/thumb/v7e-m+fp/hard\libm.a
LOAD c:/st/stm32cubeide_1.5.0/stm32cubeide/plugins/com.st.stm32cube.ide.mcu.externaltools.gnu-tools-for-stm32.10.3-2021.10.win32_1.0.100.202210260954/tools/bin/../lib/gcc/arm-none-eabi/10.3.1/thumb/v7e-m+fp/hard\libgcc.a

.debug_info     0x0000000000000000     0x6160
 .debug_info    0x0000000000000000      0x4e3 ./Core/Src/laser.o
 .debug_info    0x00000000000004e3     0x18d0 ./Core/Src/main.o
 .debug_info    0x0000000000001db3      0x6b5 ./Core/Src/motors.o
 .debug_info    0x0000000000002468      0x548 ./Core/Src/stm32f3xx_it.o
 .debug_info    0x00000000000029b0      0x40f ./Core/Src/system_stm32f3xx.o
 .debug_info    0x0000000000002dbf       0x22 ./Core/Startup/startup_stm32f302r8tx.o
 .debug_info    0x0000000000002de1      0x51e ./Drivers/STM32F3xx_HAL_Driver/Src/stm32f3xx_ll_exti.o
 .debug_info    0x00000000000032ff      0x751 ./Drivers/STM32F3xx_HAL_Driver/Src/stm32f3xx_ll_gpio.o
 .debug_info    0x0000000000003a50      0x7e6 ./Drivers/STM32F3xx_HAL_Driver/Src/stm32f3xx_ll_rcc.o
 .debug_info    0x0000000000004236     0x101a ./Drivers/STM32F3xx_HAL_Driver/Src/stm32f3xx_ll_tim.o
 .debug_info    0x0000000000005250      0x6c6 ./Drivers/STM32F3xx_HAL_Driver/Src/stm32f3xx_ll_usart.o
 .debug_info    0x0000000000005916      0x84a ./Drivers/STM32F3xx_HAL_Driver/Src/stm32f3xx_ll_utils.o

.debug_abbrev   0x0000000000000000     0x1526
 .debug_abbrev  0x0000000000000000      0x129 ./Core/Src/laser.o
 .debug_abbrev  0x0000000000000129      0x357 ./Core/Src/main.o
 .debug_abbrev  0x0000000000000480      0x1a1 ./Core/Src/motors.o
 .debug_abbrev  0x0000000000000621      0x17f ./Core/Src/stm32f3xx_it.o
 .debug_abbrev  0x00000000000007a0      0x116 ./Core/Src/system_stm32f3xx.o
 .debug_abbrev  0x00000000000008b6       0x12 ./Core/Startup/startup_stm32f302r8tx.o
 .debug_abbrev  0x00000000000008c8      0x183 ./Drivers/STM32F3xx_HAL_Driver/Src/stm32f3xx_ll_exti.o
 .debug_abbrev  0x0000000000000a4b      0x20e ./Drivers/STM32F3xx_HAL_Driver/Src/stm32f3xx_ll_gpio.o
 .debug_abbrev  0x0000000000000c59      0x24e ./Drivers/STM32F3xx_HAL_Driver/Src/stm32f3xx_ll_rcc.o
 .debug_abbrev  0x0000000000000ea7      0x205 ./Drivers/STM32F3xx_HAL_Driver/Src/stm32f3xx_ll_tim.o
 .debug_abbrev  0x00000000000010ac      0x1cb ./Drivers/STM32F3xx_HAL_Driver/Src/stm32f3xx_ll_usart.o
 .debug_abbrev  0x0000000000001277      0x2af ./Drivers/STM32F3xx_HAL_Driver/Src/stm32f3xx_ll_utils.o

.debug_aranges  0x0000000000000000      0x840
 .debug_aranges
                0x0000000000000000       0x60 ./Core/Src/laser.o
 .debug_aranges
                0x0000000000000060      0x178 ./Core/Src/main.o
 .debug_aranges
                0x00000000000001d8       0x80 ./Core/Src/motors.o
 .debug_aranges
                0x0000000000000258       0x98 ./Core/Src/stm32f3xx_it.o
 .debug_aranges
                0x00000000000002f0       0x28 ./Core/Src/system_stm32f3xx.o
 .debug_aranges
                0x0000000000000318       0x28 ./Core/Startup/startup_stm32f302r8tx.o
 .debug_aranges
                0x0000000000000340       0xb0 ./Drivers/STM32F3xx_HAL_Driver/Src/stm32f3xx_ll_exti.o
 .debug_aranges
                0x00000000000003f0       0x70 ./Drivers/STM32F3xx_HAL_Driver/Src/stm32f3xx_ll_gpio.o
 .debug_aranges
                0x0000000000000460      0x120 ./Drivers/STM32F3xx_HAL_Driver/Src/stm32f3xx_ll_rcc.o
 .debug_aranges
                0x0000000000000580      0x148 ./Drivers/STM32F3xx_HAL_Driver/Src/stm32f3xx_ll_tim.o
 .debug_aranges
                0x00000000000006c8       0x88 ./Drivers/STM32F3xx_HAL_Driver/Src/stm32f3xx_ll_usart.o
 .debug_aranges
                0x0000000000000750       0xf0 ./Drivers/STM32F3xx_HAL_Driver/Src/stm32f3xx_ll_utils.o

.debug_ranges   0x0000000000000000      0x788
 .debug_ranges  0x0000000000000000       0x50 ./Core/Src/laser.o
 .debug_ranges  0x0000000000000050      0x168 ./Core/Src/main.o
 .debug_ranges  0x00000000000001b8       0x70 ./Core/Src/motors.o
 .debug_ranges  0x0000000000000228       0x88 ./Core/Src/stm32f3xx_it.o
 .debug_ranges  0x00000000000002b0       0x18 ./Core/Src/system_stm32f3xx.o
 .debug_ranges  0x00000000000002c8       0x20 ./Core/Startup/startup_stm32f302r8tx.o
 .debug_ranges  0x00000000000002e8       0xa0 ./Drivers/STM32F3xx_HAL_Driver/Src/stm32f3xx_ll_exti.o
 .debug_ranges  0x0000000000000388       0x60 ./Drivers/STM32F3xx_HAL_Driver/Src/stm32f3xx_ll_gpio.o
 .debug_ranges  0x00000000000003e8      0x110 ./Drivers/STM32F3xx_HAL_Driver/Src/stm32f3xx_ll_rcc.o
 .debug_ranges  0x00000000000004f8      0x138 ./Drivers/STM32F3xx_HAL_Driver/Src/stm32f3xx_ll_tim.o
 .debug_ranges  0x0000000000000630       0x78 ./Drivers/STM32F3xx_HAL_Driver/Src/stm32f3xx_ll_usart.o
 .debug_ranges  0x00000000000006a8       0xe0 ./Drivers/STM32F3xx_HAL_Driver/Src/stm32f3xx_ll_utils.o

.debug_macro    0x0000000000000000    0x16a8c
 .debug_macro   0x0000000000000000      0x15b ./Core/Src/laser.o
 .debug_macro   0x000000000000015b      0xaae ./Core/Src/laser.o
 .debug_macro   0x0000000000000c09       0x2e ./Core/Src/laser.o
 .debug_macro   0x0000000000000c37       0x28 ./Core/Src/laser.o
 .debug_macro   0x0000000000000c5f       0x22 ./Core/Src/laser.o
 .debug_macro   0x0000000000000c81       0x8e ./Core/Src/laser.o
 .debug_macro   0x0000000000000d0f       0x51 ./Core/Src/laser.o
 .debug_macro   0x0000000000000d60      0x103 ./Core/Src/laser.o
 .debug_macro   0x0000000000000e63       0x6a ./Core/Src/laser.o
 .debug_macro   0x0000000000000ecd      0x1df ./Core/Src/laser.o
 .debug_macro   0x00000000000010ac       0x1c ./Core/Src/laser.o
 .debug_macro   0x00000000000010c8       0x22 ./Core/Src/laser.o
 .debug_macro   0x00000000000010ea       0xd9 ./Core/Src/laser.o
 .debug_macro   0x00000000000011c3      0xf07 ./Core/Src/laser.o
 .debug_macro   0x00000000000020ca    0x110e8 ./Core/Src/laser.o
 .debug_macro   0x00000000000131b2       0x6d ./Core/Src/laser.o
 .debug_macro   0x000000000001321f      0x54f ./Core/Src/laser.o
 .debug_macro   0x000000000001376e       0xe9 ./Core/Src/laser.o
 .debug_macro   0x0000000000013857      0x1f5 ./Core/Src/laser.o
 .debug_macro   0x0000000000013a4c      0x111 ./Core/Src/laser.o
 .debug_macro   0x0000000000013b5d       0x28 ./Core/Src/laser.o
 .debug_macro   0x0000000000013b85       0x30 ./Core/Src/laser.o
 .debug_macro   0x0000000000013bb5       0xae ./Core/Src/laser.o
 .debug_macro   0x0000000000013c63      0x287 ./Core/Src/laser.o
 .debug_macro   0x0000000000013eea      0x803 ./Core/Src/laser.o
 .debug_macro   0x00000000000146ed      0x2f7 ./Core/Src/laser.o
 .debug_macro   0x00000000000149e4      0x142 ./Core/Src/laser.o
 .debug_macro   0x0000000000014b26       0xdc ./Core/Src/laser.o
 .debug_macro   0x0000000000014c02       0x22 ./Core/Src/laser.o
 .debug_macro   0x0000000000014c24       0x6a ./Core/Src/laser.o
 .debug_macro   0x0000000000014c8e      0x15b ./Core/Src/main.o
 .debug_macro   0x0000000000014de9      0x151 ./Core/Src/motors.o
 .debug_macro   0x0000000000014f3a      0x15b ./Core/Src/stm32f3xx_it.o
 .debug_macro   0x0000000000015095       0xbd ./Core/Src/system_stm32f3xx.o
 .debug_macro   0x0000000000015152       0xea ./Drivers/STM32F3xx_HAL_Driver/Src/stm32f3xx_ll_exti.o
 .debug_macro   0x000000000001523c      0x10b ./Drivers/STM32F3xx_HAL_Driver/Src/stm32f3xx_ll_exti.o
 .debug_macro   0x0000000000015347       0xff ./Drivers/STM32F3xx_HAL_Driver/Src/stm32f3xx_ll_gpio.o
 .debug_macro   0x0000000000015446      0x13c ./Drivers/STM32F3xx_HAL_Driver/Src/stm32f3xx_ll_gpio.o
 .debug_macro   0x0000000000015582       0xf7 ./Drivers/STM32F3xx_HAL_Driver/Src/stm32f3xx_ll_rcc.o
 .debug_macro   0x0000000000015679      0x169 ./Drivers/STM32F3xx_HAL_Driver/Src/stm32f3xx_ll_tim.o
 .debug_macro   0x00000000000157e2      0x7fd ./Drivers/STM32F3xx_HAL_Driver/Src/stm32f3xx_ll_tim.o
 .debug_macro   0x0000000000015fdf      0x12c ./Drivers/STM32F3xx_HAL_Driver/Src/stm32f3xx_ll_usart.o
 .debug_macro   0x000000000001610b      0x2f1 ./Drivers/STM32F3xx_HAL_Driver/Src/stm32f3xx_ll_usart.o
 .debug_macro   0x00000000000163fc      0x555 ./Drivers/STM32F3xx_HAL_Driver/Src/stm32f3xx_ll_usart.o
 .debug_macro   0x0000000000016951      0x13b ./Drivers/STM32F3xx_HAL_Driver/Src/stm32f3xx_ll_utils.o

.debug_line     0x0000000000000000     0x5cb7
 .debug_line    0x0000000000000000      0x66e ./Core/Src/laser.o
 .debug_line    0x000000000000066e      0xe7a ./Core/Src/main.o
 .debug_line    0x00000000000014e8      0x78c ./Core/Src/motors.o
 .debug_line    0x0000000000001c74      0x74e ./Core/Src/stm32f3xx_it.o
 .debug_line    0x00000000000023c2      0x4d1 ./Core/Src/system_stm32f3xx.o
 .debug_line    0x0000000000002893       0x88 ./Core/Startup/startup_stm32f302r8tx.o
 .debug_line    0x000000000000291b      0x6fc ./Drivers/STM32F3xx_HAL_Driver/Src/stm32f3xx_ll_exti.o
 .debug_line    0x0000000000003017      0x733 ./Drivers/STM32F3xx_HAL_Driver/Src/stm32f3xx_ll_gpio.o
 .debug_line    0x000000000000374a      0xa0b ./Drivers/STM32F3xx_HAL_Driver/Src/stm32f3xx_ll_rcc.o
 .debug_line    0x0000000000004155      0xb80 ./Drivers/STM32F3xx_HAL_Driver/Src/stm32f3xx_ll_tim.o
 .debug_line    0x0000000000004cd5      0x6d6 ./Drivers/STM32F3xx_HAL_Driver/Src/stm32f3xx_ll_usart.o
 .debug_line    0x00000000000053ab      0x90c ./Drivers/STM32F3xx_HAL_Driver/Src/stm32f3xx_ll_utils.o

.debug_str      0x0000000000000000    0x7733e
 .debug_str     0x0000000000000000    0x72517 ./Core/Src/laser.o
                                      0x7268b (size before relaxing)
 .debug_str     0x0000000000072517      0xb24 ./Core/Src/main.o
                                      0x732f5 (size before relaxing)
 .debug_str     0x000000000007303b      0x114 ./Core/Src/motors.o
                                      0x72727 (size before relaxing)
 .debug_str     0x000000000007314f      0x14a ./Core/Src/stm32f3xx_it.o
                                      0x72749 (size before relaxing)
 .debug_str     0x0000000000073299       0x7b ./Core/Src/system_stm32f3xx.o
                                      0x668b9 (size before relaxing)
 .debug_str     0x0000000000073314       0x36 ./Core/Startup/startup_stm32f302r8tx.o
                                         0xaa (size before relaxing)
 .debug_str     0x000000000007334a      0x423 ./Drivers/STM32F3xx_HAL_Driver/Src/stm32f3xx_ll_exti.o
                                      0x6721b (size before relaxing)
 .debug_str     0x000000000007376d      0x5f3 ./Drivers/STM32F3xx_HAL_Driver/Src/stm32f3xx_ll_gpio.o
                                      0x67c18 (size before relaxing)
 .debug_str     0x0000000000073d60      0x6dd ./Drivers/STM32F3xx_HAL_Driver/Src/stm32f3xx_ll_rcc.o
                                      0x69869 (size before relaxing)
 .debug_str     0x000000000007443d     0x1ade ./Drivers/STM32F3xx_HAL_Driver/Src/stm32f3xx_ll_tim.o
                                      0x6cb68 (size before relaxing)
 .debug_str     0x0000000000075f1b      0x7ff ./Drivers/STM32F3xx_HAL_Driver/Src/stm32f3xx_ll_usart.o
                                      0x6b1b3 (size before relaxing)
 .debug_str     0x000000000007671a      0xc24 ./Drivers/STM32F3xx_HAL_Driver/Src/stm32f3xx_ll_utils.o
                                      0x6b595 (size before relaxing)

.comment        0x0000000000000000       0x50
 .comment       0x0000000000000000       0x50 ./Core/Src/laser.o
                                         0x51 (size before relaxing)
 .comment       0x0000000000000050       0x51 ./Core/Src/main.o
 .comment       0x0000000000000050       0x51 ./Core/Src/motors.o
 .comment       0x0000000000000050       0x51 ./Core/Src/stm32f3xx_it.o
 .comment       0x0000000000000050       0x51 ./Core/Src/system_stm32f3xx.o
 .comment       0x0000000000000050       0x51 ./Drivers/STM32F3xx_HAL_Driver/Src/stm32f3xx_ll_exti.o
 .comment       0x0000000000000050       0x51 ./Drivers/STM32F3xx_HAL_Driver/Src/stm32f3xx_ll_gpio.o
 .comment       0x0000000000000050       0x51 ./Drivers/STM32F3xx_HAL_Driver/Src/stm32f3xx_ll_rcc.o
 .comment       0x0000000000000050       0x51 ./Drivers/STM32F3xx_HAL_Driver/Src/stm32f3xx_ll_tim.o
 .comment       0x0000000000000050       0x51 ./Drivers/STM32F3xx_HAL_Driver/Src/stm32f3xx_ll_usart.o
 .comment       0x0000000000000050       0x51 ./Drivers/STM32F3xx_HAL_Driver/Src/stm32f3xx_ll_utils.o

.debug_frame    0x0000000000000000     0x2194
 .debug_frame   0x0000000000000000      0x164 ./Core/Src/laser.o
 .debug_frame   0x0000000000000164      0x67c ./Core/Src/main.o
 .debug_frame   0x00000000000007e0      0x1d8 ./Core/Src/motors.o
 .debug_frame   0x00000000000009b8      0x1fc ./Core/Src/stm32f3xx_it.o
 .debug_frame   0x0000000000000bb4       0x58 ./Core/Src/system_stm32f3xx.o
 .debug_frame   0x0000000000000c0c      0x2fc ./Drivers/STM32F3xx_HAL_Driver/Src/stm32f3xx_ll_exti.o
 .debug_frame   0x0000000000000f08      0x1c0 ./Drivers/STM32F3xx_HAL_Driver/Src/stm32f3xx_ll_gpio.o
 .debug_frame   0x00000000000010c8      0x4a0 ./Drivers/STM32F3xx_HAL_Driver/Src/stm32f3xx_ll_rcc.o
 .debug_frame   0x0000000000001568      0x5d0 ./Drivers/STM32F3xx_HAL_Driver/Src/stm32f3xx_ll_tim.o
 .debug_frame   0x0000000000001b38      0x234 ./Drivers/STM32F3xx_HAL_Driver/Src/stm32f3xx_ll_usart.o
 .debug_frame   0x0000000000001d6c      0x3dc ./Drivers/STM32F3xx_HAL_Driver/Src/stm32f3xx_ll_utils.o
 .debug_frame   0x0000000000002148       0x2c c:/st/stm32cubeide_1.5.0/stm32cubeide/plugins/com.st.stm32cube.ide.mcu.externaltools.gnu-tools-for-stm32.10.3-2021.10.win32_1.0.100.202210260954/tools/bin/../lib/gcc/arm-none-eabi/10.3.1/../../../../arm-none-eabi/lib/thumb/v7e-m+fp/hard\libc_nano.a(lib_a-init.o)
 .debug_frame   0x0000000000002174       0x20 c:/st/stm32cubeide_1.5.0/stm32cubeide/plugins/com.st.stm32cube.ide.mcu.externaltools.gnu-tools-for-stm32.10.3-2021.10.win32_1.0.100.202210260954/tools/bin/../lib/gcc/arm-none-eabi/10.3.1/../../../../arm-none-eabi/lib/thumb/v7e-m+fp/hard\libc_nano.a(lib_a-memset.o)
